Component: ARM Compiler 5.06 update 6 (build 750) Tool: armlink [4d35ed]

==============================================================================

Section Cross References

    main.o(i.DWT_Delay_us) refers to stm32f4xx_hal_rcc.o(i.HAL_RCC_GetHCLKFreq) for HAL_RCC_GetHCLKFreq
    main.o(i.DispString) refers to main.o(i.sendLCDdata) for sendLCDdata
    main.o(i.EnablePulse) refers to main.o(i.DWT_Delay_us) for DWT_Delay_us
    main.o(i.HAL_GPIO_EXTI_Callback) refers to stm32f4xx_hal_gpio.o(i.HAL_GPIO_TogglePin) for HAL_GPIO_TogglePin
    main.o(i.LCDShift) refers to main.o(i.sendLCDcommand) for sendLCDcommand
    main.o(i.Locate) refers to main.o(i.sendLCDcommand) for sendLCDcommand
    main.o(i.MX_ADC1_Init) refers to stm32f4xx_hal_adc.o(i.HAL_ADC_Init) for HAL_ADC_Init
    main.o(i.MX_ADC1_Init) refers to main.o(i.Error_Handler) for Error_Handler
    main.o(i.MX_ADC1_Init) refers to stm32f4xx_hal_adc.o(i.HAL_ADC_ConfigChannel) for HAL_ADC_ConfigChannel
    main.o(i.MX_ADC1_Init) refers to main.o(.bss) for hadc1
    main.o(i.MX_GPIO_Init) refers to rt_memclr_w.o(.text) for __aeabi_memclr4
    main.o(i.MX_GPIO_Init) refers to stm32f4xx_hal_gpio.o(i.HAL_GPIO_WritePin) for HAL_GPIO_WritePin
    main.o(i.MX_GPIO_Init) refers to stm32f4xx_hal_gpio.o(i.HAL_GPIO_Init) for HAL_GPIO_Init
    main.o(i.MX_GPIO_Init) refers to stm32f4xx_hal_cortex.o(i.HAL_NVIC_SetPriority) for HAL_NVIC_SetPriority
    main.o(i.MX_GPIO_Init) refers to stm32f4xx_hal_cortex.o(i.HAL_NVIC_EnableIRQ) for HAL_NVIC_EnableIRQ
    main.o(i.MX_I2C1_Init) refers to stm32f4xx_hal_i2c.o(i.HAL_I2C_Init) for HAL_I2C_Init
    main.o(i.MX_I2C1_Init) refers to main.o(i.Error_Handler) for Error_Handler
    main.o(i.MX_I2C1_Init) refers to stm32f4xx_hal_i2c_ex.o(i.HAL_I2CEx_ConfigAnalogFilter) for HAL_I2CEx_ConfigAnalogFilter
    main.o(i.MX_I2C1_Init) refers to stm32f4xx_hal_i2c_ex.o(i.HAL_I2CEx_ConfigDigitalFilter) for HAL_I2CEx_ConfigDigitalFilter
    main.o(i.MX_I2C1_Init) refers to main.o(.bss) for hi2c1
    main.o(i.MX_TIM4_Init) refers to rt_memclr_w.o(.text) for __aeabi_memclr4
    main.o(i.MX_TIM4_Init) refers to stm32f4xx_hal_tim.o(i.HAL_TIM_OC_Init) for HAL_TIM_OC_Init
    main.o(i.MX_TIM4_Init) refers to main.o(i.Error_Handler) for Error_Handler
    main.o(i.MX_TIM4_Init) refers to stm32f4xx_hal_tim.o(i.HAL_TIM_PWM_Init) for HAL_TIM_PWM_Init
    main.o(i.MX_TIM4_Init) refers to stm32f4xx_hal_tim_ex.o(i.HAL_TIMEx_MasterConfigSynchronization) for HAL_TIMEx_MasterConfigSynchronization
    main.o(i.MX_TIM4_Init) refers to stm32f4xx_hal_tim.o(i.HAL_TIM_OC_ConfigChannel) for HAL_TIM_OC_ConfigChannel
    main.o(i.MX_TIM4_Init) refers to stm32f4xx_hal_tim.o(i.HAL_TIM_PWM_ConfigChannel) for HAL_TIM_PWM_ConfigChannel
    main.o(i.MX_TIM4_Init) refers to stm32f4xx_hal_msp.o(i.HAL_TIM_MspPostInit) for HAL_TIM_MspPostInit
    main.o(i.MX_TIM4_Init) refers to main.o(.bss) for htim4
    main.o(i.MX_TIM5_Init) refers to rt_memclr_w.o(.text) for __aeabi_memclr4
    main.o(i.MX_TIM5_Init) refers to stm32f4xx_hal_tim.o(i.HAL_TIM_PWM_Init) for HAL_TIM_PWM_Init
    main.o(i.MX_TIM5_Init) refers to main.o(i.Error_Handler) for Error_Handler
    main.o(i.MX_TIM5_Init) refers to stm32f4xx_hal_tim_ex.o(i.HAL_TIMEx_MasterConfigSynchronization) for HAL_TIMEx_MasterConfigSynchronization
    main.o(i.MX_TIM5_Init) refers to stm32f4xx_hal_tim.o(i.HAL_TIM_PWM_ConfigChannel) for HAL_TIM_PWM_ConfigChannel
    main.o(i.MX_TIM5_Init) refers to stm32f4xx_hal_msp.o(i.HAL_TIM_MspPostInit) for HAL_TIM_MspPostInit
    main.o(i.MX_TIM5_Init) refers to main.o(.bss) for htim5
    main.o(i.MX_USART1_UART_Init) refers to stm32f4xx_hal_uart.o(i.HAL_UART_Init) for HAL_UART_Init
    main.o(i.MX_USART1_UART_Init) refers to main.o(i.Error_Handler) for Error_Handler
    main.o(i.MX_USART1_UART_Init) refers to main.o(.bss) for huart1
    main.o(i.MX_USART2_UART_Init) refers to stm32f4xx_hal_uart.o(i.HAL_UART_Init) for HAL_UART_Init
    main.o(i.MX_USART2_UART_Init) refers to main.o(i.Error_Handler) for Error_Handler
    main.o(i.MX_USART2_UART_Init) refers to main.o(.bss) for huart2
    main.o(i.MX_USART3_UART_Init) refers to stm32f4xx_hal_uart.o(i.HAL_UART_Init) for HAL_UART_Init
    main.o(i.MX_USART3_UART_Init) refers to main.o(i.Error_Handler) for Error_Handler
    main.o(i.MX_USART3_UART_Init) refers to main.o(.bss) for huart3
    main.o(i.SystemClock_Config) refers to rt_memclr_w.o(.text) for __aeabi_memclr4
    main.o(i.SystemClock_Config) refers to stm32f4xx_hal_rcc.o(i.HAL_RCC_OscConfig) for HAL_RCC_OscConfig
    main.o(i.SystemClock_Config) refers to main.o(i.Error_Handler) for Error_Handler
    main.o(i.SystemClock_Config) refers to stm32f4xx_hal_pwr_ex.o(i.HAL_PWREx_EnableOverDrive) for HAL_PWREx_EnableOverDrive
    main.o(i.SystemClock_Config) refers to stm32f4xx_hal_rcc.o(i.HAL_RCC_ClockConfig) for HAL_RCC_ClockConfig
    main.o(i.fputc) refers to stm32f4xx_hal_uart.o(i.HAL_UART_Transmit) for HAL_UART_Transmit
    main.o(i.fputc) refers to main.o(.bss) for huart3
[...]
    ../clib/angel/scatter.s                  0x00000000   Number         0  __scatter.o ABSOLUTE
    ../clib/angel/startup.s                  0x00000000   Number         0  __main.o ABSOLUTE
    ../clib/angel/sys.s                      0x00000000   Number         0  libspace.o ABSOLUTE
    ../clib/angel/sys.s                      0x00000000   Number         0  sys_stackheap_outer.o ABSOLUTE
    ../clib/angel/sys.s                      0x00000000   Number         0  indicate_semi.o ABSOLUTE
    ../clib/angel/sys.s                      0x00000000   Number         0  use_no_semi.o ABSOLUTE
    ../clib/angel/sysapp.c                   0x00000000   Number         0  sys_exit.o ABSOLUTE
    ../clib/angel/sysapp.c                   0x00000000   Number         0  sys_command.o ABSOLUTE
    ../clib/angel/sysapp.c                   0x00000000   Number         0  sys_wrch.o ABSOLUTE
    ../clib/armsys.c                         0x00000000   Number         0  argv_veneer.o ABSOLUTE
    ../clib/armsys.c                         0x00000000   Number         0  argv_veneer.o ABSOLUTE
    ../clib/armsys.c                         0x00000000   Number         0  _get_argv_nomalloc.o ABSOLUTE
    ../clib/armsys.c                         0x00000000   Number         0  no_argv.o ABSOLUTE
    ../clib/heapalloc.c                      0x00000000   Number         0  hrguard.o ABSOLUTE
    ../clib/heapaux.c                        0x00000000   Number         0  heapauxi.o ABSOLUTE
    ../clib/libinit.s                        0x00000000   Number         0  libshutdown2.o ABSOLUTE
    ../clib/libinit.s                        0x00000000   Number         0  libinit.o ABSOLUTE
    ../clib/libinit.s                        0x00000000   Number         0  libshutdown.o ABSOLUTE
    ../clib/libinit.s                        0x00000000   Number         0  libinit2.o ABSOLUTE
    ../clib/longlong.s                       0x00000000   Number         0  lludivv7m.o ABSOLUTE
    ../clib/memcpset.s                       0x00000000   Number         0  rt_memclr_w.o ABSOLUTE
    ../clib/misc.s                           0x00000000   Number         0  printf_stubs.o ABSOLUTE
    ../clib/printf.c                         0x00000000   Number         0  __printf_ss.o ABSOLUTE
    ../clib/printf.c                         0x00000000   Number         0  __printf_flags.o ABSOLUTE
    ../clib/printf.c                         0x00000000   Number         0  _printf_dec.o ABSOLUTE
    ../clib/printf.c                         0x00000000   Number         0  _printf_pad.o ABSOLUTE
    ../clib/printf.c                         0x00000000   Number         0  noretval__2sprintf.o ABSOLUTE
    ../clib/printf.c                         0x00000000   Number         0  __2sprintf.o ABSOLUTE
    ../clib/printf.c                         0x00000000   Number         0  __printf_wp.o ABSOLUTE
    ../clib/printf.c                         0x00000000   Number         0  __printf_nopercent.o ABSOLUTE
    ../clib/printf.c                         0x00000000   Number         0  __printf.o ABSOLUTE
    ../clib/printf.c                         0x00000000   Number         0  _sputc.o ABSOLUTE
    ../clib/printf.c                         0x00000000   Number         0  _printf_char_common.o ABSOLUTE
    ../clib/printf.c                         0x00000000   Number         0  _printf_intcommon.o ABSOLUTE
    ../clib/printf.c                         0x00000000   Number         0  __printf_flags_ss_wp.o ABSOLUTE
    ../clib/printf.c                         0x00000000   Number         0  __printf_ss_wp.o ABSOLUTE
    ../clib/printf.c                         0x00000000   Number         0  __printf_flags_wp.o ABSOLUTE
    ../clib/printf.c                         0x00000000   Number         0  __printf_flags_ss.o ABSOLUTE
    ../clib/printf_percent.s                 0x00000000   Number         0  _printf_d.o ABSOLUTE
    ../clib/printf_percent.s                 0x00000000   Number         0  _printf_percent.o ABSOLUTE
    ../clib/printf_percent.s                 0x00000000   Number         0  _printf_percent_end.o ABSOLUTE
    ../clib/signal.c                         0x00000000   Number         0  defsig_abrt_inner.o ABSOLUTE
    ../clib/signal.c                         0x00000000   Number         0  defsig_general.o ABSOLUTE
    ../clib/signal.c                         0x00000000   Number         0  __raise.o ABSOLUTE
    ../clib/signal.c                         0x00000000   Number         0  defsig_fpe_outer.o ABSOLUTE
    ../clib/signal.c                         0x00000000   Number         0  defsig_fpe_formal.o ABSOLUTE
    ../clib/signal.c                         0x00000000   Number         0  defsig_fpe_inner.o ABSOLUTE
    ../clib/signal.c                         0x00000000   Number         0  defsig_rtmem_formal.o ABSOLUTE
    ../clib/signal.c                         0x00000000   Number         0  defsig_segv_inner.o ABSOLUTE
    ../clib/signal.c                         0x00000000   Number         0  defsig_exit.o ABSOLUTE
    ../clib/signal.c                         0x00000000   Number         0  defsig_other.o ABSOLUTE
    ../clib/signal.c                         0x00000000   Number         0  defsig_cppl_inner.o ABSOLUTE
    ../clib/signal.c                         0x00000000   Number         0  defsig_pvfn_inner.o ABSOLUTE
    ../clib/signal.c                         0x00000000   Number         0  defsig_stak_inner.o ABSOLUTE
    ../clib/signal.c                         0x00000000   Number         0  defsig_rtmem_outer.o ABSOLUTE
    ../clib/signal.c                         0x00000000   Number         0  defsig_rtmem_inner.o ABSOLUTE
    ../clib/signal.c                         0x00000000   Number         0  defsig_rtred_inner.o ABSOLUTE
    ../clib/signal.s                         0x00000000   Number         0  defsig.o ABSOLUTE
    ../clib/stdlib.c                         0x00000000   Number         0  exit.o ABSOLUTE
    ../fplib/fpinit.s                        0x00000000   Number         0  fpinit.o ABSOLUTE
    C:\Users\user\AppData\Local\Arm\Packs\Keil\STM32F4xx_DFP\2.16.0\Drivers\STM32F4xx_HAL_Driver\Src\stm32f4xx_hal.c 0x00000000   Number         0  stm32f4xx_hal.o ABSOLUTE
    C:\Users\user\AppData\Local\Arm\Packs\Keil\STM32F4xx_DFP\2.16.0\Drivers\STM32F4xx_HAL_Driver\Src\stm32f4xx_hal_adc.c 0x00000000   Number         0  stm32f4xx_hal_adc.o ABSOLUTE
    C:\Users\user\AppData\Local\Arm\Packs\Keil\STM32F4xx_DFP\2.16.0\Drivers\STM32F4xx_HAL_Driver\Src\stm32f4xx_hal_adc_ex.c 0x00000000   Number         0  stm32f4xx_hal_adc_ex.o ABSOLUTE
    C:\Users\user\AppData\Local\Arm\Packs\Keil\STM32F4xx_DFP\2.16.0\Drivers\STM32F4xx_HAL_Driver\Src\stm32f4xx_hal_can.c 0x00000000   Number         0  stm32f4xx_hal_can.o ABSOLUTE
    C:\Users\user\AppData\Local\Arm\Packs\Keil\STM32F4xx_DFP\2.16.0\Drivers\STM32F4xx_HAL_Driver\Src\stm32f4xx_hal_cortex.c 0x00000000   Number         0  stm32f4xx_hal_cortex.o ABSOLUTE
    C:\Users\user\AppData\Local\Arm\Packs\Keil\STM32F4xx_DFP\2.16.0\Drivers\STM32F4xx_HAL_Driver\Src\stm32f4xx_hal_dma.c 0x00000000   Number         0  stm32f4xx_hal_dma.o ABSOLUTE
    C:\Users\user\AppData\Local\Arm\Packs\Keil\STM32F4xx_DFP\2.16.0\Drivers\STM32F4xx_HAL_Driver\Src\stm32f4xx_hal_dma_ex.c 0x00000000   Number         0  stm32f4xx_hal_dma_ex.o ABSOLUTE
    C:\Users\user\AppData\Local\Arm\Packs\Keil\STM32F4xx_DFP\2.16.0\Drivers\STM32F4xx_HAL_Driver\Src\stm32f4xx_hal_exti.c 0x00000000   Number         0  stm32f4xx_hal_exti.o ABSOLUTE
    C:\Users\user\AppData\Local\Arm\Packs\Keil\STM32F4xx_DFP\2.16.0\Drivers\STM32F4xx_HAL_Driver\Src\stm32f4xx_hal_gpio.c 0x00000000   Number         0  stm32f4xx_hal_gpio.o ABSOLUTE
    C:\Users\user\AppData\Local\Arm\Packs\Keil\STM32F4xx_DFP\2.16.0\Drivers\STM32F4xx_HAL_Driver\Src\stm32f4xx_hal_i2c.c 0x00000000   Number         0  stm32f4xx_hal_i2c.o ABSOLUTE
    C:\Users\user\AppData\Local\Arm\Packs\Keil\STM32F4xx_DFP\2.16.0\Drivers\STM32F4xx_HAL_Driver\Src\stm32f4xx_hal_i2c_ex.c 0x00000000   Number         0  stm32f4xx_hal_i2c_ex.o ABSOLUTE
    C:\Users\user\AppData\Local\Arm\Packs\Keil\STM32F4xx_DFP\2.16.0\Drivers\STM32F4xx_HAL_Driver\Src\stm32f4xx_hal_pwr.c 0x00000000   Number         0  stm32f4xx_hal_pwr.o ABSOLUTE
    C:\Users\user\AppData\Local\Arm\Packs\Keil\STM32F4xx_DFP\2.16.0\Drivers\STM32F4xx_HAL_Driver\Src\stm32f4xx_hal_pwr_ex.c 0x00000000   Number         0  stm32f4xx_hal_pwr_ex.o ABSOLUTE
    C:\Users\user\AppData\Local\Arm\Packs\Keil\STM32F4xx_DFP\2.16.0\Drivers\STM32F4xx_HAL_Driver\Src\stm32f4xx_hal_rcc.c 0x00000000   Number         0  stm32f4xx_hal_rcc.o ABSOLUTE
    C:\Users\user\AppData\Local\Arm\Packs\Keil\STM32F4xx_DFP\2.16.0\Drivers\STM32F4xx_HAL_Driver\Src\stm32f4xx_hal_rcc_ex.c 0x00000000   Number         0  stm32f4xx_hal_rcc_ex.o ABSOLUTE
    C:\Users\user\AppData\Local\Arm\Packs\Keil\STM32F4xx_DFP\2.16.0\Drivers\STM32F4xx_HAL_Driver\Src\stm32f4xx_hal_spi.c 0x00000000   Number         0  stm32f4xx_hal_spi.o ABSOLUTE
    C:\Users\user\AppData\Local\Arm\Packs\Keil\STM32F4xx_DFP\2.16.0\Drivers\STM32F4xx_HAL_Driver\Src\stm32f4xx_hal_tim.c 0x00000000   Number         0  stm32f4xx_hal_tim.o ABSOLUTE
    C:\Users\user\AppData\Local\Arm\Packs\Keil\STM32F4xx_DFP\2.16.0\Drivers\STM32F4xx_HAL_Driver\Src\stm32f4xx_hal_tim_ex.c 0x00000000   Number         0  stm32f4xx_hal_tim_ex.o ABSOLUTE
    C:\Users\user\AppData\Local\Arm\Packs\Keil\STM32F4xx_DFP\2.16.0\Drivers\STM32F4xx_HAL_Driver\Src\stm32f4xx_hal_uart.c 0x00000000   Number         0  stm32f4xx_hal_uart.o ABSOLUTE
    C:\Users\user\AppData\Local\Arm\Packs\Keil\STM32F4xx_DFP\2.16.0\Drivers\STM32F4xx_HAL_Driver\Src\stm32f4xx_hal_usart.c 0x00000000   Number         0  stm32f4xx_hal_usart.o ABSOLUTE
    C:\\Users\\user\\AppData\\Local\\Arm\\Packs\\Keil\\STM32F4xx_DFP\\2.16.0\\Drivers\\STM32F4xx_HAL_Driver\\Src\\stm32f4xx_hal.c 0x00000000   Number         0  stm32f4xx_hal.o ABSOLUTE
    C:\\Users\\user\\AppData\\Local\\Arm\\Packs\\Keil\\STM32F4xx_DFP\\2.16.0\\Drivers\\STM32F4xx_HAL_Driver\\Src\\stm32f4xx_hal_adc.c 0x00000000   Number         0  stm32f4xx_hal_adc.o ABSOLUTE
    C:\\Users\\user\\AppData\\Local\\Arm\\Packs\\Keil\\STM32F4xx_DFP\\2.16.0\\Drivers\\STM32F4xx_HAL_Driver\\Src\\stm32f4xx_hal_adc_ex.c 0x00000000   Number         0  stm32f4xx_hal_adc_ex.o ABSOLUTE
    C:\\Users\\user\\AppData\\Local\\Arm\\Packs\\Keil\\STM32F4xx_DFP\\2.16.0\\Drivers\\STM32F4xx_HAL_Driver\\Src\\stm32f4xx_hal_can.c 0x00000000   Number         0  stm32f4xx_hal_can.o ABSOLUTE
    C:\\Users\\user\\AppData\\Local\\Arm\\Packs\\Keil\\STM32F4xx_DFP\\2.16.0\\Drivers\\STM32F4xx_HAL_Driver\\Src\\stm32f4xx_hal_cortex.c 0x00000000   Number         0  stm32f4xx_hal_cortex.o ABSOLUTE
    C:\\Users\\user\\AppData\\Local\\Arm\\Packs\\Keil\\STM32F4xx_DFP\\2.16.0\\Drivers\\STM32F4xx_HAL_Driver\\Src\\stm32f4xx_hal_dma.c 0x00000000   Number         0  stm32f4xx_hal_dma.o ABSOLUTE
    C:\\Users\\user\\AppData\\Local\\Arm\\Packs\\Keil\\STM32F4xx_DFP\\2.16.0\\Drivers\\STM32F4xx_HAL_Driver\\Src\\stm32f4xx_hal_dma_ex.c 0x00000000   Number         0  stm32f4xx_hal_dma_ex.o ABSOLUTE
    C:\\Users\\user\\AppData\\Local\\Arm\\Packs\\Keil\\STM32F4xx_DFP\\2.16.0\\Drivers\\STM32F4xx_HAL_Driver\\Src\\stm32f4xx_hal_exti.c 0x00000000   Number         0  stm32f4xx_hal_exti.o ABSOLUTE
    C:\\Users\\user\\AppData\\Local\\Arm\\Packs\\Keil\\STM32F4xx_DFP\\2.16.0\\Drivers\\STM32F4xx_HAL_Driver\\Src\\stm32f4xx_hal_gpio.c 0x00000000   Number         0  stm32f4xx_hal_gpio.o ABSOLUTE
    C:\\Users\\user\\AppData\\Local\\Arm\\Packs\\Keil\\STM32F4xx_DFP\\2.16.0\\Drivers\\STM32F4xx_HAL_Driver\\Src\\stm32f4xx_hal_i2c.c 0x00000000   Number         0  stm32f4xx_hal_i2c.o ABSOLUTE
    C:\\Users\\user\\AppData\\Local\\Arm\\Packs\\Keil\\STM32F4xx_DFP\\2.16.0\\Drivers\\STM32F4xx_HAL_Driver\\Src\\stm32f4xx_hal_i2c_ex.c 0x00000000   Number         0  stm32f4xx_hal_i2c_ex.o ABSOLUTE
    C:\\Users\\user\\AppData\\Local\\Arm\\Packs\\Keil\\STM32F4xx_DFP\\2.16.0\\Drivers\\STM32F4xx_HAL_Driver\\Src\\stm32f4xx_hal_pwr.c 0x00000000   Number         0  stm32f4xx_hal_pwr.o ABSOLUTE
    C:\\Users\\user\\AppData\\Local\\Arm\\Packs\\Keil\\STM32F4xx_DFP\\2.16.0\\Drivers\\STM32F4xx_HAL_Driver\\Src\\stm32f4xx_hal_pwr_ex.c 0x00000000   Number         0  stm32f4xx_hal_pwr_ex.o ABSOLUTE
    C:\\Users\\user\\AppData\\Local\\Arm\\Packs\\Keil\\STM32F4xx_DFP\\2.16.0\\Drivers\\STM32F4xx_HAL_Driver\\Src\\stm32f4xx_hal_rcc.c 0x00000000   Number         0  stm32f4xx_hal_rcc.o ABSOLUTE
    C:\\Users\\user\\AppData\\Local\\Arm\\Packs\\Keil\\STM32F4xx_DFP\\2.16.0\\Drivers\\STM32F4xx_HAL_Driver\\Src\\stm32f4xx_hal_rcc_ex.c 0x00000000   Number         0  stm32f4xx_hal_rcc_ex.o ABSOLUTE
    C:\\Users\\user\\AppData\\Local\\Arm\\Packs\\Keil\\STM32F4xx_DFP\\2.16.0\\Drivers\\STM32F4xx_HAL_Driver\\Src\\stm32f4xx_hal_spi.c 0x00000000   Number         0  stm32f4xx_hal_spi.o ABSOLUTE
    C:\\Users\\user\\AppData\\Local\\Arm\\Packs\\Keil\\STM32F4xx_DFP\\2.16.0\\Drivers\\STM32F4xx_HAL_Driver\\Src\\stm32f4xx_hal_tim.c 0x00000000   Number         0  stm32f4xx_hal_tim.o ABSOLUTE
    C:\\Users\\user\\AppData\\Local\\Arm\\Packs\\Keil\\STM32F4xx_DFP\\2.16.0\\Drivers\\STM32F4xx_HAL_Driver\\Src\\stm32f4xx_hal_tim_ex.c 0x00000000   Number         0  stm32f4xx_hal_tim_ex.o ABSOLUTE
    C:\\Users\\user\\AppData\\Local\\Arm\\Packs\\Keil\\STM32F4xx_DFP\\2.16.0\\Drivers\\STM32F4xx_HAL_Driver\\Src\\stm32f4xx_hal_uart.c 0x00000000   Number         0  stm32f4xx_hal_uart.o ABSOLUTE
    C:\\Users\\user\\AppData\\Local\\Arm\\Packs\\Keil\\STM32F4xx_DFP\\2.16.0\\Drivers\\STM32F4xx_HAL_Driver\\Src\\stm32f4xx_hal_usart.c 0x00000000   Number         0  stm32f4xx_hal_usart.o ABSOLUTE
    Core\Src\main.c                          0x00000000   Number         0  main.o ABSOLUTE
    Core\Src\stm32f4xx_hal_msp.c             0x00000000   Number         0  stm32f4xx_hal_msp.o ABSOLUTE
    Core\Src\stm32f4xx_it.c                  0x00000000   Number         0  stm32f4xx_it.o ABSOLUTE
    Core\\Src\\main.c                        0x00000000   Number         0  main.o ABSOLUTE
    Core\\Src\\stm32f4xx_hal_msp.c           0x00000000   Number         0  stm32f4xx_hal_msp.o ABSOLUTE
    Core\\Src\\stm32f4xx_it.c                0x00000000   Number         0  stm32f4xx_it.o ABSOLUTE
    RTE\Device\STM32F429ZITx\startup_stm32f429xx.s 0x00000000   Number         0  startup_stm32f429xx.o ABSOLUTE
    RTE\Device\STM32F429ZITx\system_stm32f4xx.c 0x00000000   Number         0  system_stm32f4xx.o ABSOLUTE
    RTE\\Device\\STM32F429ZITx\\system_stm32f4xx.c 0x00000000   Number         0  system_stm32f4xx.o ABSOLUTE
    dc.s                                     0x00000000   Number         0  dc.o ABSOLUTE
    RESET                                    0x08000000   Section      428  startup_stm32f429xx.o(RESET)
    !!!main                                  0x080001ac   Section        8  __main.o(!!!main)
    !!!scatter                               0x080001b4   Section       52  __scatter.o(!!!scatter)
    !!handler_copy                           0x080001e8   Section       26  __scatter_copy.o(!!handler_copy)
    !!handler_zi                             0x08000204   Section       28  __scatter_zi.o(!!handler_zi)
    .ARM.Collect$$_printf_percent$$00000000  0x08000220   Section        0  _printf_percent.o(.ARM.Collect$$_printf_percent$$00000000)
    .ARM.Collect$$_printf_percent$$00000009  0x08000220   Section        6  _printf_d.o(.ARM.Collect$$_printf_percent$$00000009)
    .ARM.Collect$$_printf_percent$$00000017  0x08000226   Section        4  _printf_percent_end.o(.ARM.Collect$$_printf_percent$$00000017)
    .ARM.Collect$$libinit$$00000000          0x0800022a   Section        2  libinit.o(.ARM.Collect$$libinit$$00000000)
    .ARM.Collect$$libinit$$00000001          0x0800022c   Section        4  libinit2.o(.ARM.Collect$$libinit$$00000001)
    .ARM.Collect$$libinit$$00000004          0x08000230   Section        0  libinit2.o(.ARM.Collect$$libinit$$00000004)
    .ARM.Collect$$libinit$$0000000A          0x08000230   Section        0  libinit2.o(.ARM.Collect$$libinit$$0000000A)
    .ARM.Collect$$libinit$$0000000C          0x08000230   Section        0  libinit2.o(.ARM.Collect$$libinit$$0000000C)
    .ARM.Collect$$libinit$$0000000E          0x08000230   Section        0  libinit2.o(.ARM.Collect$$libinit$$0000000E)
    .ARM.Collect$$libinit$$00000011          0x08000230   Section        0  libinit2.o(.ARM.Collect$$libinit$$00000011)
    .ARM.Collect$$libinit$$00000013          0x08000230   Section        0  libinit2.o(.ARM.Collect$$libinit$$00000013)
    .ARM.Collect$$libinit$$00000015          0x08000230   Section        0  libinit2.o(.ARM.Collect$$libinit$$00000015)
    .ARM.Collect$$libinit$$00000017          0x08000230   Section        0  libinit2.o(.ARM.Collect$$libinit$$00000017)
    .ARM.Collect$$libinit$$00000019          0x08000230   Section        0  libinit2.o(.ARM.Collect$$libinit$$00000019)
    .ARM.Collect$$libinit$$0000001B          0x08000230   Section        0  libinit2.o(.ARM.Collect$$libinit$$0000001B)
    .ARM.Collect$$libinit$$0000001D          0x08000230   Section        0  libinit2.o(.ARM.Collect$$libinit$$0000001D)
    .ARM.Collect$$libinit$$0000001F          0x08000230   Section        0  libinit2.o(.ARM.Collect$$libinit$$0000001F)
    .ARM.Collect$$libinit$$00000021          0x08000230   Section        0  libinit2.o(.ARM.Collect$$libinit$$00000021)
    .ARM.Collect$$libinit$$00000023          0x08000230   Section        0  libinit2.o(.ARM.Collect$$libinit$$00000023)
    .ARM.Collect$$libinit$$00000025          0x08000230   Section        0  libinit2.o(.ARM.Collect$$libinit$$00000025)
    .ARM.Collect$$libinit$$0000002C          0x08000230   Section        0  libinit2.o(.ARM.Collect$$libinit$$0000002C)
    .ARM.Collect$$libinit$$0000002E          0x08000230   Section        0  libinit2.o(.ARM.Collect$$libinit$$0000002E)
    .ARM.Collect$$libinit$$00000030          0x08000230   Section        0  libinit2.o(.ARM.Collect$$libinit$$00000030)
    .ARM.Collect$$libinit$$00000032          0x08000230   Section        0  libinit2.o(.ARM.Collect$$libinit$$00000032)
    .ARM.Collect$$libinit$$00000033          0x08000230   Section        2  libinit2.o(.ARM.Collect$$libinit$$00000033)
    .ARM.Collect$$libshutdown$$00000000      0x08000232   Section        2  libshutdown.o(.ARM.Collect$$libshutdown$$00000000)
    .ARM.Collect$$libshutdown$$00000002      0x08000234   Section        0  libshutdown2.o(.ARM.Collect$$libshutdown$$00000002)
    .ARM.Collect$$libshutdown$$00000004      0x08000234   Section        0  libshutdown2.o(.ARM.Collect$$libshutdown$$00000004)
    .ARM.Collect$$libshutdown$$00000007      0x08000234   Section        0  libshutdown2.o(.ARM.Collect$$libshutdown$$00000007)
    .ARM.Collect$$libshutdown$$0000000A      0x08000234   Section        0  libshutdown2.o(.ARM.Collect$$libshutdown$$0000000A)
    .ARM.Collect$$libshutdown$$0000000C      0x08000234   Section        0  libshutdown2.o(.ARM.Collect$$libshutdown$$0000000C)
    .ARM.Collect$$libshutdown$$0000000F      0x08000234   Section        0  libshutdown2.o(.ARM.Collect$$libshutdown$$0000000F)
    .ARM.Collect$$libshutdown$$00000010      0x08000234   Section        2  libshutdown2.o(.ARM.Collect$$libshutdown$$00000010)
    .ARM.Collect$$rtentry$$00000000          0x08000236   Section        0  __rtentry.o(.ARM.Collect$$rtentry$$00000000)
    .ARM.Collect$$rtentry$$00000002          0x08000236   Section        0  __rtentry2.o(.ARM.Collect$$rtentry$$00000002)
    .ARM.Collect$$rtentry$$00000004          0x08000236   Section        6  __rtentry4.o(.ARM.Collect$$rtentry$$00000004)
    .ARM.Collect$$rtentry$$00000009          0x0800023c   Section        0  __rtentry2.o(.ARM.Collect$$rtentry$$00000009)
    .ARM.Collect$$rtentry$$0000000A          0x0800023c   Section        4  __rtentry2.o(.ARM.Collect$$rtentry$$0000000A)
    .ARM.Collect$$rtentry$$0000000C          0x08000240   Section        0  __rtentry2.o(.ARM.Collect$$rtentry$$0000000C)
    .ARM.Collect$$rtentry$$0000000D          0x08000240   Section        8  __rtentry2.o(.ARM.Collect$$rtentry$$0000000D)
    .ARM.Collect$$rtexit$$00000000           0x08000248   Section        2  rtexit.o(.ARM.Collect$$rtexit$$00000000)
    .ARM.Collect$$rtexit$$00000002           0x0800024a   Section        0  rtexit2.o(.ARM.Collect$$rtexit$$00000002)
    .ARM.Collect$$rtexit$$00000003           0x0800024a   Section        4  rtexit2.o(.ARM.Collect$$rtexit$$00000003)
    .ARM.Collect$$rtexit$$00000004           0x0800024e   Section        6  rtexit2.o(.ARM.Collect$$rtexit$$00000004)
    .text                                    0x08000254   Section       64  startup_stm32f429xx.o(.text)
    $v0                                      0x08000254   Number         0  startup_stm32f429xx.o(.text)
    .text                                    0x08000294   Section      238  lludivv7m.o(.text)
    .text                                    0x08000384   Section        0  noretval__2sprintf.o(.text)
    .text                                    0x080003ac   Section        0  _printf_pad.o(.text)
    .text                                    0x080003fc   Section        0  _printf_dec.o(.text)
    .text                                    0x08000474   Section        0  __printf_flags_wp.o(.text)
    .text                                    0x080005ac   Section       78  rt_memclr_w.o(.text)
    .text                                    0x080005fa   Section        0  heapauxi.o(.text)
    .text                                    0x08000600   Section        0  _printf_intcommon.o(.text)
    .text                                    0x080006b4   Section        0  _printf_char_common.o(.text)
    _printf_input_char                       0x080006b5   Thumb Code    10  _printf_char_common.o(.text)
    .text                                    0x080006e4   Section        0  _sputc.o(.text)
    .text                                    0x080006ee   Section       74  sys_stackheap_outer.o(.text)
    .text                                    0x08000738   Section        0  exit.o(.text)
    .text                                    0x0800074c   Section        8  libspace.o(.text)
    .text                                    0x08000754   Section        0  sys_exit.o(.text)
    .text                                    0x08000760   Section        2  use_no_semi.o(.text)
    .text                                    0x08000762   Section        0  indicate_semi.o(.text)
    i.ADC_Init                               0x08000764   Section        0  stm32f4xx_hal_adc.o(i.ADC_Init)
    ADC_Init                                 0x08000765   Thumb Code   344  stm32f4xx_hal_adc.o(i.ADC_Init)
    i.BusFault_Handler                       0x080008c4   Section        0  stm32f4xx_it.o(i.BusFault_Handler)
    i.DWT_Delay_Init                         0x080008c8   Section        0  main.o(i.DWT_Delay_Init)
    i.DWT_Delay_us                           0x08000914   Section        0  main.o(i.DWT_Delay_us)
    i.DebugMon_Handler                       0x08000944   Section        0  stm32f4xx_it.o(i.DebugMon_Handler)
    i.DispString                             0x08000946   Section        0  main.o(i.DispString)
    i.EXTI15_10_IRQHandler                   0x0800095c   Section        0  stm32f4xx_it.o(i.EXTI15_10_IRQHandler)
    i.EnablePulse                            0x08000980   Section        0  main.o(i.EnablePulse)
    i.Error_Handler                          0x080009ac   Section        0  main.o(i.Error_Handler)
    i.HAL_ADC_ConfigChannel                  0x080009b4   Section        0  stm32f4xx_hal_adc.o(i.HAL_ADC_ConfigChannel)
    i.HAL_ADC_Init                           0x08000b58   Section        0  stm32f4xx_hal_adc.o(i.HAL_ADC_Init)
    i.HAL_ADC_MspInit                        0x08000bc0   Section        0  stm32f4xx_hal_msp.o(i.HAL_ADC_MspInit)
    i.HAL_DMA_Abort                          0x08000c74   Section        0  stm32f4xx_hal_dma.o(i.HAL_DMA_Abort)
    i.HAL_DMA_Abort_IT                       0x08000d20   Section        0  stm32f4xx_hal_dma.o(i.HAL_DMA_Abort_IT)
    i.HAL_Delay                              0x08000d48   Section        0  stm32f4xx_hal.o(i.HAL_Delay)
    i.HAL_GPIO_EXTI_Callback                 0x08000d70   Section        0  main.o(i.HAL_GPIO_EXTI_Callback)
    i.HAL_GPIO_EXTI_IRQHandler               0x08000d88   Section        0  stm32f4xx_hal_gpio.o(i.HAL_GPIO_EXTI_IRQHandler)
    i.HAL_GPIO_Init                          0x08000da4   Section        0  stm32f4xx_hal_gpio.o(i.HAL_GPIO_Init)
    i.HAL_GPIO_TogglePin                     0x08000fb0   Section        0  stm32f4xx_hal_gpio.o(i.HAL_GPIO_TogglePin)
    i.HAL_GPIO_WritePin                      0x08000fc4   Section        0  stm32f4xx_hal_gpio.o(i.HAL_GPIO_WritePin)
    i.HAL_GetTick                            0x08000fd0   Section        0  stm32f4xx_hal.o(i.HAL_GetTick)
    i.HAL_I2CEx_ConfigAnalogFilter           0x08000fdc   Section        0  stm32f4xx_hal_i2c_ex.o(i.HAL_I2CEx_ConfigAnalogFilter)
    i.HAL_I2CEx_ConfigDigitalFilter          0x08001028   Section        0  stm32f4xx_hal_i2c_ex.o(i.HAL_I2CEx_ConfigDigitalFilter)
    i.HAL_I2C_Init                           0x08001078   Section        0  stm32f4xx_hal_i2c.o(i.HAL_I2C_Init)
    i.HAL_I2C_MspInit                        0x08001248   Section        0  stm32f4xx_hal_msp.o(i.HAL_I2C_MspInit)
    i.HAL_IncTick                            0x080012d0   Section        0  stm32f4xx_hal.o(i.HAL_IncTick)
    i.HAL_Init                               0x080012e8   Section        0  stm32f4xx_hal.o(i.HAL_Init)
    i.HAL_InitTick                           0x08001324   Section        0  stm32f4xx_hal.o(i.HAL_InitTick)
    i.HAL_MspInit                            0x08001370   Section        0  stm32f4xx_hal_msp.o(i.HAL_MspInit)
    i.HAL_NVIC_EnableIRQ                     0x080013b8   Section        0  stm32f4xx_hal_cortex.o(i.HAL_NVIC_EnableIRQ)
    i.HAL_NVIC_SetPriority                   0x080013e0   Section        0  stm32f4xx_hal_cortex.o(i.HAL_NVIC_SetPriority)
    i.HAL_NVIC_SetPriorityGrouping           0x0800145c   Section        0  stm32f4xx_hal_cortex.o(i.HAL_NVIC_SetPriorityGrouping)
    i.HAL_PWREx_EnableOverDrive              0x08001484   Section        0  stm32f4xx_hal_pwr_ex.o(i.HAL_PWREx_EnableOverDrive)
    i.HAL_RCC_ClockConfig                    0x08001510   Section        0  stm32f4xx_hal_rcc.o(i.HAL_RCC_ClockConfig)
    i.HAL_RCC_GetHCLKFreq                    0x08001694   Section        0  stm32f4xx_hal_rcc.o(i.HAL_RCC_GetHCLKFreq)
    i.HAL_RCC_GetPCLK1Freq                   0x080016a0   Section        0  stm32f4xx_hal_rcc.o(i.HAL_RCC_GetPCLK1Freq)
    i.HAL_RCC_GetPCLK2Freq                   0x080016c0   Section        0  stm32f4xx_hal_rcc.o(i.HAL_RCC_GetPCLK2Freq)
    i.HAL_RCC_GetSysClockFreq                0x080016e0   Section        0  stm32f4xx_hal_rcc.o(i.HAL_RCC_GetSysClockFreq)
    i.HAL_RCC_OscConfig                      0x08001790   Section        0  stm32f4xx_hal_rcc.o(i.HAL_RCC_OscConfig)
    i.HAL_SYSTICK_Config                     0x08001c2c   Section        0  stm32f4xx_hal_cortex.o(i.HAL_SYSTICK_Config)
    i.HAL_TIMEx_MasterConfigSynchronization  0x08001c60   Section        0  stm32f4xx_hal_tim_ex.o(i.HAL_TIMEx_MasterConfigSynchronization)
    i.HAL_TIM_MspPostInit                    0x08001d14   Section        0  stm32f4xx_hal_msp.o(i.HAL_TIM_MspPostInit)
    i.HAL_TIM_OC_ConfigChannel               0x08001dc4   Section        0  stm32f4xx_hal_tim.o(i.HAL_TIM_OC_ConfigChannel)
    i.HAL_TIM_OC_Init                        0x08001e34   Section        0  stm32f4xx_hal_tim.o(i.HAL_TIM_OC_Init)
    i.HAL_TIM_OC_MspInit                     0x08001e9c   Section        0  stm32f4xx_hal_msp.o(i.HAL_TIM_OC_MspInit)
    i.HAL_TIM_PWM_ConfigChannel              0x08001ed0   Section        0  stm32f4xx_hal_tim.o(i.HAL_TIM_PWM_ConfigChannel)
    i.HAL_TIM_PWM_Init                       0x08001fd4   Section        0  stm32f4xx_hal_tim.o(i.HAL_TIM_PWM_Init)
    i.HAL_TIM_PWM_MspInit                    0x0800203c   Section        0  stm32f4xx_hal_msp.o(i.HAL_TIM_PWM_MspInit)
    i.HAL_UARTEx_RxEventCallback             0x08002070   Section        0  stm32f4xx_hal_uart.o(i.HAL_UARTEx_RxEventCallback)
    i.HAL_UART_ErrorCallback                 0x08002072   Section        0  stm32f4xx_hal_uart.o(i.HAL_UART_ErrorCallback)
    i.HAL_UART_IRQHandler                    0x08002074   Section        0  stm32f4xx_hal_uart.o(i.HAL_UART_IRQHandler)
    i.HAL_UART_Init                          0x08002354   Section        0  stm32f4xx_hal_uart.o(i.HAL_UART_Init)
    i.HAL_UART_MspInit                       0x080023c8   Section        0  stm32f4xx_hal_msp.o(i.HAL_UART_MspInit)
    i.HAL_UART_RxCpltCallback                0x0800255c   Section        0  stm32f4xx_hal_uart.o(i.HAL_UART_RxCpltCallback)
    i.HAL_UART_TxCpltCallback                0x0800255e   Section        0  stm32f4xx_hal_uart.o(i.HAL_UART_TxCpltCallback)
    i.HardFault_Handler                      0x08002560   Section        0  stm32f4xx_it.o(i.HardFault_Handler)
    i.Locate                                 0x08002564   Section        0  main.o(i.Locate)
    i.MX_ADC1_Init                           0x08002584   Section        0  main.o(i.MX_ADC1_Init)
    MX_ADC1_Init                             0x08002585   Thumb Code   100  main.o(i.MX_ADC1_Init)
    i.MX_GPIO_Init                           0x080025f4   Section        0  main.o(i.MX_GPIO_Init)
    MX_GPIO_Init                             0x080025f5   Thumb Code   592  main.o(i.MX_GPIO_Init)
    i.MX_I2C1_Init                           0x08002860   Section        0  main.o(i.MX_I2C1_Init)
    MX_I2C1_Init                             0x08002861   Thumb Code    76  main.o(i.MX_I2C1_Init)
    i.MX_TIM4_Init                           0x080028b8   Section        0  main.o(i.MX_TIM4_Init)
    MX_TIM4_Init                             0x080028b9   Thumb Code   160  main.o(i.MX_TIM4_Init)
    i.MX_TIM5_Init                           0x08002960   Section        0  main.o(i.MX_TIM5_Init)
    MX_TIM5_Init                             0x08002961   Thumb Code   144  main.o(i.MX_TIM5_Init)
    i.MX_USART1_UART_Init                    0x080029f8   Section        0  main.o(i.MX_USART1_UART_Init)
    MX_USART1_UART_Init                      0x080029f9   Thumb Code    46  main.o(i.MX_USART1_UART_Init)
    i.MX_USART2_UART_Init                    0x08002a30   Section        0  main.o(i.MX_USART2_UART_Init)
    MX_USART2_UART_Init                      0x08002a31   Thumb Code    46  main.o(i.MX_USART2_UART_Init)
    i.MX_USART3_UART_Init                    0x08002a68   Section        0  main.o(i.MX_USART3_UART_Init)
    MX_USART3_UART_Init                      0x08002a69   Thumb Code    46  main.o(i.MX_USART3_UART_Init)
    i.MemManage_Handler                      0x08002aa0   Section        0  stm32f4xx_it.o(i.MemManage_Handler)
    i.NMI_Handler                            0x08002aa4   Section        0  stm32f4xx_it.o(i.NMI_Handler)
    i.PendSV_Handler                         0x08002aa8   Section        0  stm32f4xx_it.o(i.PendSV_Handler)
    i.SVC_Handler                            0x08002aaa   Section        0  stm32f4xx_it.o(i.SVC_Handler)
    i.SysTick_Handler                        0x08002aac   Section        0  stm32f4xx_it.o(i.SysTick_Handler)
    i.SystemClock_Config                     0x08002ab4   Section        0  main.o(i.SystemClock_Config)
    i.SystemInit                             0x08002b74   Section        0  system_stm32f4xx.o(i.SystemInit)
    i.TIM_Base_SetConfig                     0x08002b88   Section        0  stm32f4xx_hal_tim.o(i.TIM_Base_SetConfig)
    i.TIM_OC1_SetConfig                      0x08002c60   Section        0  stm32f4xx_hal_tim.o(i.TIM_OC1_SetConfig)
    TIM_OC1_SetConfig                        0x08002c61   Thumb Code   104  stm32f4xx_hal_tim.o(i.TIM_OC1_SetConfig)
    i.TIM_OC2_SetConfig                      0x08002cd0   Section        0  stm32f4xx_hal_tim.o(i.TIM_OC2_SetConfig)
    i.TIM_OC3_SetConfig                      0x08002d4c   Section        0  stm32f4xx_hal_tim.o(i.TIM_OC3_SetConfig)
    TIM_OC3_SetConfig                        0x08002d4d   Thumb Code   112  stm32f4xx_hal_tim.o(i.TIM_OC3_SetConfig)
    i.TIM_OC4_SetConfig                      0x08002dc4   Section        0  stm32f4xx_hal_tim.o(i.TIM_OC4_SetConfig)
    TIM_OC4_SetConfig                        0x08002dc5   Thumb Code    74  stm32f4xx_hal_tim.o(i.TIM_OC4_SetConfig)
    i.UART_DMAAbortOnError                   0x08002e18   Section        0  stm32f4xx_hal_uart.o(i.UART_DMAAbortOnError)
    UART_DMAAbortOnError                     0x08002e19   Thumb Code    20  stm32f4xx_hal_uart.o(i.UART_DMAAbortOnError)
    i.UART_EndRxTransfer                     0x08002e2c   Section        0  stm32f4xx_hal_uart.o(i.UART_EndRxTransfer)
    UART_EndRxTransfer                       0x08002e2d   Thumb Code   108  stm32f4xx_hal_uart.o(i.UART_EndRxTransfer)
    i.UART_EndTransmit_IT                    0x08002e98   Section        0  stm32f4xx_hal_uart.o(i.UART_EndTransmit_IT)
    UART_EndTransmit_IT                      0x08002e99   Thumb Code    32  stm32f4xx_hal_uart.o(i.UART_EndTransmit_IT)
    i.UART_Receive_IT                        0x08002eb8   Section        0  stm32f4xx_hal_uart.o(i.UART_Receive_IT)
    UART_Receive_IT                          0x08002eb9   Thumb Code   248  stm32f4xx_hal_uart.o(i.UART_Receive_IT)
    i.UART_SetConfig                         0x08002fb0   Section        0  stm32f4xx_hal_uart.o(i.UART_SetConfig)
    UART_SetConfig                           0x08002fb1   Thumb Code   546  stm32f4xx_hal_uart.o(i.UART_SetConfig)
    i.UART_Transmit_IT                       0x080031dc   Section        0  stm32f4xx_hal_uart.o(i.UART_Transmit_IT)
    UART_Transmit_IT                         0x080031dd   Thumb Code    96  stm32f4xx_hal_uart.o(i.UART_Transmit_IT)
    i.USART2_IRQHandler                      0x0800323c   Section        0  stm32f4xx_it.o(i.USART2_IRQHandler)
    i.USART3_IRQHandler                      0x0800324c   Section        0  stm32f4xx_it.o(i.USART3_IRQHandler)
    i.UsageFault_Handler                     0x0800325c   Section        0  stm32f4xx_it.o(i.UsageFault_Handler)
    i.__NVIC_GetPriorityGrouping             0x08003260   Section        0  stm32f4xx_hal_cortex.o(i.__NVIC_GetPriorityGrouping)
    __NVIC_GetPriorityGrouping               0x08003261   Thumb Code    10  stm32f4xx_hal_cortex.o(i.__NVIC_GetPriorityGrouping)
    i.__NVIC_SetPriority                     0x08003270   Section        0  stm32f4xx_hal_cortex.o(i.__NVIC_SetPriority)
    __NVIC_SetPriority                       0x08003271   Thumb Code    32  stm32f4xx_hal_cortex.o(i.__NVIC_SetPriority)
    i._is_digit                              0x08003298   Section        0  __printf_wp.o(i._is_digit)
    i.lnitLcd                                0x080032a8   Section        0  main.o(i.lnitLcd)
    i.main                                   0x080032e0   Section        0  main.o(i.main)
    i.sendLCDcommand                         0x0800339c   Section        0  main.o(i.sendLCDcommand)
    i.sendLCDdata                            0x080033d4   Section        0  main.o(i.sendLCDdata)
    x$fpl$fpinit                             0x0800340c   Section       10  fpinit.o(x$fpl$fpinit)
    $v0                                      0x0800340c   Number         0  fpinit.o(x$fpl$fpinit)
    .constdata                               0x08003416   Section       24  system_stm32f4xx.o(.constdata)
    .constdata                               0x0800342e   Section       17  __printf_flags_wp.o(.constdata)
    maptable                                 0x0800342e   Data          17  __printf_flags_wp.o(.constdata)
    .data                                    0x20000000   Section        9  stm32f4xx_hal.o(.data)
    .data                                    0x2000000c   Section        4  system_stm32f4xx.o(.data)
    .bss                                     0x20000010   Section      504  main.o(.bss)
    .bss                                     0x20000208   Section       96  libspace.o(.bss)
    HEAP                                     0x20000268   Section      512  startup_stm32f429xx.o(HEAP)
    Heap_Mem                                 0x20000268   Data         512  startup_stm32f429xx.o(HEAP)
    STACK                                    0x20000468   Section     1024  startup_stm32f429xx.o(STACK)
    Stack_Mem                                0x20000468   Data        1024  startup_stm32f429xx.o(STACK)
    __initial_sp                             0x20000868   Data           0  startup_stm32f429xx.o(STACK)

    Global Symbols

    Symbol Name                              Value     Ov Type        Size  Object(Section)

    BuildAttributes$$THM_ISAv4$E$P$D$K$B$S$7EM$VFPi3$EXTD16$VFPS$VFMA$PE$A:L22UL41UL21$X:L11$S22US41US21$IEEE1$IW$USESV6$~STKCKD$USESV7$~SHL$OSPACE$ROPI$EBA8$UX$STANDARDLIB$REQ8$PRES8$EABIv2 0x00000000   Number         0  anon$$obj.o ABSOLUTE
    __ARM_use_no_argv                        0x00000000   Number         0  main.o ABSOLUTE
    _printf_flags                            0x00000000   Number         0  printf_stubs.o ABSOLUTE
    _printf_return_value                     0x00000000   Number         0  printf_stubs.o ABSOLUTE
    _printf_sizespec                         0x00000000   Number         0  printf_stubs.o ABSOLUTE
    _printf_widthprec                        0x00000000   Number         0  printf_stubs.o ABSOLUTE
    __ARM_exceptions_init                     - Undefined Weak Reference
    __alloca_initialize                       - Undefined Weak Reference
    __arm_preinit_                            - Undefined Weak Reference
    __cpp_initialize__aeabi_                  - Undefined Weak Reference
    __cxa_finalize                            - Undefined Weak Reference
    __rt_locale                               - Undefined Weak Reference
    __sigvec_lookup                           - Undefined Weak Reference
    _atexit_init                              - Undefined Weak Reference
    _call_atexit_fns                          - Undefined Weak Reference
    _clock_init                               - Undefined Weak Reference
    _fp_trap_init                             - Undefined Weak Reference
    _fp_trap_shutdown                         - Undefined Weak Reference
    _get_lc_collate                           - Undefined Weak Reference
    _get_lc_ctype                             - Undefined Weak Reference
    _get_lc_monetary                          - Undefined Weak Reference
    _get_lc_numeric                           - Undefined Weak Reference
    _get_lc_time                              - Undefined Weak Reference
    _getenv_init                              - Undefined Weak Reference
    _handle_redirection                       - Undefined Weak Reference
    _init_alloc                               - Undefined Weak Reference
    _init_user_alloc                          - Undefined Weak Reference
    _initio                                   - Undefined Weak Reference
    _printf_truncate_signed                   - Undefined Weak Reference
    _printf_truncate_unsigned                 - Undefined Weak Reference
    _rand_init                                - Undefined Weak Reference
    _signal_finish                            - Undefined Weak Reference
    _signal_init                              - Undefined Weak Reference
    _terminate_alloc                          - Undefined Weak Reference
    _terminate_user_alloc                     - Undefined Weak Reference
    _terminateio                              - Undefined Weak Reference
    __Vectors_Size                           0x000001ac   Number         0  startup_stm32f429xx.o ABSOLUTE
    __Vectors                                0x08000000   Data           4  startup_stm32f429xx.o(RESET)
    __Vectors_End                            0x080001ac   Data           0  startup_stm32f429xx.o(RESET)
    __main                                   0x080001ad   Thumb Code     8  __main.o(!!!main)
    __scatterload                            0x080001b5   Thumb Code     0  __scatter.o(!!!scatter)
    __scatterload_rt2                        0x080001b5   Thumb Code    44  __scatter.o(!!!scatter)
    __scatterload_rt2_thumb_only             0x080001b5   Thumb Code     0  __scatter.o(!!!scatter)
    __scatterload_null                       0x080001c3   Thumb Code     0  __scatter.o(!!!scatter)
    __scatterload_copy                       0x080001e9   Thumb Code    26  __scatter_copy.o(!!handler_copy)
    __scatterload_zeroinit                   0x08000205   Thumb Code    28  __scatter_zi.o(!!handler_zi)
    _printf_d                                0x08000221   Thumb Code     0  _printf_d.o(.ARM.Collect$$_printf_percent$$00000009)
    _printf_percent                          0x08000221   Thumb Code     0  _printf_percent.o(.ARM.Collect$$_printf_percent$$00000000)
    _printf_percent_end                      0x08000227   Thumb Code     0  _printf_percent_end.o(.ARM.Collect$$_printf_percent$$00000017)
    __rt_lib_init                            0x0800022b   Thumb Code     0  libinit.o(.ARM.Collect$$libinit$$00000000)
    __rt_lib_init_fp_1                       0x0800022d   Thumb Code     0  libinit2.o(.ARM.Collect$$libinit$$00000001)
    __rt_lib_init_alloca_1                   0x08000231   Thumb Code     0  libinit2.o(.ARM.Collect$$libinit$$0000002E)
    __rt_lib_init_argv_1                     0x08000231   Thumb Code     0  libinit2.o(.ARM.Collect$$libinit$$0000002C)
    __rt_lib_init_atexit_1                   0x08000231   Thumb Code     0  libinit2.o(.ARM.Collect$$libinit$$0000001B)
    __rt_lib_init_clock_1                    0x08000231   Thumb Code     0  libinit2.o(.ARM.Collect$$libinit$$00000021)
    __rt_lib_init_cpp_1                      0x08000231   Thumb Code     0  libinit2.o(.ARM.Collect$$libinit$$00000032)
    __rt_lib_init_exceptions_1               0x08000231   Thumb Code     0  libinit2.o(.ARM.Collect$$libinit$$00000030)
    __rt_lib_init_fp_trap_1                  0x08000231   Thumb Code     0  libinit2.o(.ARM.Collect$$libinit$$0000001F)
    __rt_lib_init_getenv_1                   0x08000231   Thumb Code     0  libinit2.o(.ARM.Collect$$libinit$$00000023)
    __rt_lib_init_heap_1                     0x08000231   Thumb Code     0  libinit2.o(.ARM.Collect$$libinit$$0000000A)
    __rt_lib_init_lc_collate_1               0x08000231   Thumb Code     0  libinit2.o(.ARM.Collect$$libinit$$00000011)
    __rt_lib_init_lc_ctype_1                 0x08000231   Thumb Code     0  libinit2.o(.ARM.Collect$$libinit$$00000013)
    __rt_lib_init_lc_monetary_1              0x08000231   Thumb Code     0  libinit2.o(.ARM.Collect$$libinit$$00000015)
    __rt_lib_init_lc_numeric_1               0x08000231   Thumb Code     0  libinit2.o(.ARM.Collect$$libinit$$00000017)
    __rt_lib_init_lc_time_1                  0x08000231   Thumb Code     0  libinit2.o(.ARM.Collect$$libinit$$00000019)
    __rt_lib_init_preinit_1                  0x08000231   Thumb Code     0  libinit2.o(.ARM.Collect$$libinit$$00000004)
    __rt_lib_init_rand_1                     0x08000231   Thumb Code     0  libinit2.o(.ARM.Collect$$libinit$$0000000E)
    __rt_lib_init_return                     0x08000231   Thumb Code     0  libinit2.o(.ARM.Collect$$libinit$$00000033)
    __rt_lib_init_signal_1                   0x08000231   Thumb Code     0  libinit2.o(.ARM.Collect$$libinit$$0000001D)
    __rt_lib_init_stdio_1                    0x08000231   Thumb Code     0  libinit2.o(.ARM.Collect$$libinit$$00000025)
    __rt_lib_init_user_alloc_1               0x08000231   Thumb Code     0  libinit2.o(.ARM.Collect$$libinit$$0000000C)
    __rt_lib_shutdown                        0x08000233   Thumb Code     0  libshutdown.o(.ARM.Collect$$libshutdown$$00000000)
    __rt_lib_shutdown_cpp_1                  0x08000235   Thumb Code     0  libshutdown2.o(.ARM.Collect$$libshutdown$$00000002)
    __rt_lib_shutdown_fp_trap_1              0x08000235   Thumb Code     0  libshutdown2.o(.ARM.Collect$$libshutdown$$00000007)
    __rt_lib_shutdown_heap_1                 0x08000235   Thumb Code     0  libshutdown2.o(.ARM.Collect$$libshutdown$$0000000F)
    __rt_lib_shutdown_return                 0x08000235   Thumb Code     0  libshutdown2.o(.ARM.Collect$$libshutdown$$00000010)
    __rt_lib_shutdown_signal_1               0x08000235   Thumb Code     0  libshutdown2.o(.ARM.Collect$$libshutdown$$0000000A)
    __rt_lib_shutdown_stdio_1                0x08000235   Thumb Code     0  libshutdown2.o(.ARM.Collect$$libshutdown$$00000004)
    __rt_lib_shutdown_user_alloc_1           0x08000235   Thumb Code     0  libshutdown2.o(.ARM.Collect$$libshutdown$$0000000C)
    __rt_entry                               0x08000237   Thumb Code     0  __rtentry.o(.ARM.Collect$$rtentry$$00000000)
    __rt_entry_presh_1                       0x08000237   Thumb Code     0  __rtentry2.o(.ARM.Collect$$rtentry$$00000002)
    __rt_entry_sh                            0x08000237   Thumb Code     0  __rtentry4.o(.ARM.Collect$$rtentry$$00000004)
    __rt_entry_li                            0x0800023d   Thumb Code     0  __rtentry2.o(.ARM.Collect$$rtentry$$0000000A)
    __rt_entry_postsh_1                      0x0800023d   Thumb Code     0  __rtentry2.o(.ARM.Collect$$rtentry$$00000009)
    __rt_entry_main                          0x08000241   Thumb Code     0  __rtentry2.o(.ARM.Collect$$rtentry$$0000000D)
    __rt_entry_postli_1                      0x08000241   Thumb Code     0  __rtentry2.o(.ARM.Collect$$rtentry$$0000000C)
    __rt_exit                                0x08000249   Thumb Code     0  rtexit.o(.ARM.Collect$$rtexit$$00000000)
    __rt_exit_ls                             0x0800024b   Thumb Code     0  rtexit2.o(.ARM.Collect$$rtexit$$00000003)
    __rt_exit_prels_1                        0x0800024b   Thumb Code     0  rtexit2.o(.ARM.Collect$$rtexit$$00000002)
    __rt_exit_exit                           0x0800024f   Thumb Code     0  rtexit2.o(.ARM.Collect$$rtexit$$00000004)
    Reset_Handler                            0x08000255   Thumb Code     8  startup_stm32f429xx.o(.text)
    ADC_IRQHandler                           0x0800026f   Thumb Code     0  startup_stm32f429xx.o(.text)
    CAN1_RX0_IRQHandler                      0x0800026f   Thumb Code     0  startup_stm32f429xx.o(.text)
    CAN1_RX1_IRQHandler                      0x0800026f   Thumb Code     0  startup_stm32f429xx.o(.text)
    CAN1_SCE_IRQHandler                      0x0800026f   Thumb Code     0  startup_stm32f429xx.o(.text)
    CAN1_TX_IRQHandler                       0x0800026f   Thumb Code     0  startup_stm32f429xx.o(.text)
    CAN2_RX0_IRQHandler                      0x0800026f   Thumb Code     0  startup_stm32f429xx.o(.text)
    CAN2_RX1_IRQHandler                      0x0800026f   Thumb Code     0  startup_stm32f429xx.o(.text)
    CAN2_SCE_IRQHandler                      0x0800026f   Thumb Code     0  startup_stm32f429xx.o(.text)
    CAN2_TX_IRQHandler                       0x0800026f   Thumb Code     0  startup_stm32f429xx.o(.text)
    DCMI_IRQHandler                          0x0800026f   Thumb Code     0  startup_stm32f429xx.o(.text)
    DMA1_Stream0_IRQHandler                  0x0800026f   Thumb Code     0  startup_stm32f429xx.o(.text)
    DMA1_Stream1_IRQHandler                  0x0800026f   Thumb Code     0  startup_stm32f429xx.o(.text)
    DMA1_Stream2_IRQHandler                  0x0800026f   Thumb Code     0  startup_stm32f429xx.o(.text)
    DMA1_Stream3_IRQHandler                  0x0800026f   Thumb Code     0  startup_stm32f429xx.o(.text)
    DMA1_Stream4_IRQHandler                  0x0800026f   Thumb Code     0  startup_stm32f429xx.o(.text)
    DMA1_Stream5_IRQHandler                  0x0800026f   Thumb Code     0  startup_stm32f429xx.o(.text)
    DMA1_Stream6_IRQHandler                  0x0800026f   Thumb Code     0  startup_stm32f429xx.o(.text)
    DMA1_Stream7_IRQHandler                  0x0800026f   Thumb Code     0  startup_stm32f429xx.o(.text)
    DMA2D_IRQHandler                         0x0800026f   Thumb Code     0  startup_stm32f429xx.o(.text)
    DMA2_Stream0_IRQHandler                  0x0800026f   Thumb Code     0  startup_stm32f429xx.o(.text)
    DMA2_Stream1_IRQHandler                  0x0800026f   Thumb Code     0  startup_stm32f429xx.o(.text)
    DMA2_Stream2_IRQHandler                  0x0800026f   Thumb Code     0  startup_stm32f429xx.o(.text)
    DMA2_Stream3_IRQHandler                  0x0800026f   Thumb Code     0  startup_stm32f429xx.o(.text)
    DMA2_Stream4_IRQHandler                  0x0800026f   Thumb Code     0  startup_stm32f429xx.o(.text)
    DMA2_Stream5_IRQHandler                  0x0800026f   Thumb Code     0  startup_stm32f429xx.o(.text)
    DMA2_Stream6_IRQHandler                  0x0800026f   Thumb Code     0  startup_stm32f429xx.o(.text)
    DMA2_Stream7_IRQHandler                  0x0800026f   Thumb Code     0  startup_stm32f429xx.o(.text)
    ETH_IRQHandler                           0x0800026f   Thumb Code     0  startup_stm32f429xx.o(.text)
    ETH_WKUP_IRQHandler                      0x0800026f   Thumb Code     0  startup_stm32f429xx.o(.text)
    EXTI0_IRQHandler                         0x0800026f   Thumb Code     0  startup_stm32f429xx.o(.text)
    EXTI1_IRQHandler                         0x0800026f   Thumb Code     0  startup_stm32f429xx.o(.text)
    EXTI2_IRQHandler                         0x0800026f   Thumb Code     0  startup_stm32f429xx.o(.text)
    EXTI3_IRQHandler                         0x0800026f   Thumb Code     0  startup_stm32f429xx.o(.text)
    EXTI4_IRQHandler                         0x0800026f   Thumb Code     0  startup_stm32f429xx.o(.text)
    EXTI9_5_IRQHandler                       0x0800026f   Thumb Code     0  startup_stm32f429xx.o(.text)
    FLASH_IRQHandler                         0x0800026f   Thumb Code     0  startup_stm32f429xx.o(.text)
    FMC_IRQHandler                           0x0800026f   Thumb Code     0  startup_stm32f429xx.o(.text)
    FPU_IRQHandler                           0x0800026f   Thumb Code     0  startup_stm32f429xx.o(.text)
    HASH_RNG_IRQHandler                      0x0800026f   Thumb Code     0  startup_stm32f429xx.o(.text)
    I2C1_ER_IRQHandler                       0x0800026f   Thumb Code     0  startup_stm32f429xx.o(.text)
    I2C1_EV_IRQHandler                       0x0800026f   Thumb Code     0  startup_stm32f429xx.o(.text)
    I2C2_ER_IRQHandler                       0x0800026f   Thumb Code     0  startup_stm32f429xx.o(.text)
    I2C2_EV_IRQHandler                       0x0800026f   Thumb Code     0  startup_stm32f429xx.o(.text)
    I2C3_ER_IRQHandler                       0x0800026f   Thumb Code     0  startup_stm32f429xx.o(.text)
    I2C3_EV_IRQHandler                       0x0800026f   Thumb Code     0  startup_stm32f429xx.o(.text)
    LTDC_ER_IRQHandler                       0x0800026f   Thumb Code     0  startup_stm32f429xx.o(.text)
    LTDC_IRQHandler                          0x0800026f   Thumb Code     0  startup_stm32f429xx.o(.text)
    OTG_FS_IRQHandler                        0x0800026f   Thumb Code     0  startup_stm32f429xx.o(.text)
    OTG_FS_WKUP_IRQHandler                   0x0800026f   Thumb Code     0  startup_stm32f429xx.o(.text)
    OTG_HS_EP1_IN_IRQHandler                 0x0800026f   Thumb Code     0  startup_stm32f429xx.o(.text)
    OTG_HS_EP1_OUT_IRQHandler                0x0800026f   Thumb Code     0  startup_stm32f429xx.o(.text)
    OTG_HS_IRQHandler                        0x0800026f   Thumb Code     0  startup_stm32f429xx.o(.text)
    OTG_HS_WKUP_IRQHandler                   0x0800026f   Thumb Code     0  startup_stm32f429xx.o(.text)
    PVD_IRQHandler                           0x0800026f   Thumb Code     0  startup_stm32f429xx.o(.text)
    RCC_IRQHandler                           0x0800026f   Thumb Code     0  startup_stm32f429xx.o(.text)
    RTC_Alarm_IRQHandler                     0x0800026f   Thumb Code     0  startup_stm32f429xx.o(.text)
    RTC_WKUP_IRQHandler                      0x0800026f   Thumb Code     0  startup_stm32f429xx.o(.text)
    SAI1_IRQHandler                          0x0800026f   Thumb Code     0  startup_stm32f429xx.o(.text)
    SDIO_IRQHandler                          0x0800026f   Thumb Code     0  startup_stm32f429xx.o(.text)
    SPI1_IRQHandler                          0x0800026f   Thumb Code     0  startup_stm32f429xx.o(.text)
    SPI2_IRQHandler                          0x0800026f   Thumb Code     0  startup_stm32f429xx.o(.text)
    SPI3_IRQHandler                          0x0800026f   Thumb Code     0  startup_stm32f429xx.o(.text)
    SPI4_IRQHandler                          0x0800026f   Thumb Code     0  startup_stm32f429xx.o(.text)
    SPI5_IRQHandler                          0x0800026f   Thumb Code     0  startup_stm32f429xx.o(.text)
    SPI6_IRQHandler                          0x0800026f   Thumb Code     0  startup_stm32f429xx.o(.text)
    TAMP_STAMP_IRQHandler                    0x0800026f   Thumb Code     0  startup_stm32f429xx.o(.text)
    TIM1_BRK_TIM9_IRQHandler                 0x0800026f   Thumb Code     0  startup_stm32f429xx.o(.text)
    TIM1_CC_IRQHandler                       0x0800026f   Thumb Code     0  startup_stm32f429xx.o(.text)
    TIM1_TRG_COM_TIM11_IRQHandler            0x0800026f   Thumb Code     0  startup_stm32f429xx.o(.text)
    TIM1_UP_TIM10_IRQHandler                 0x0800026f   Thumb Code     0  startup_stm32f429xx.o(.text)
    TIM2_IRQHandler                          0x0800026f   Thumb Code     0  startup_stm32f429xx.o(.text)
    TIM3_IRQHandler                          0x0800026f   Thumb Code     0  startup_stm32f429xx.o(.text)
    TIM4_IRQHandler                          0x0800026f   Thumb Code     0  startup_stm32f429xx.o(.text)
    TIM5_IRQHandler                          0x0800026f   Thumb Code     0  startup_stm32f429xx.o(.text)
    TIM6_DAC_IRQHandler                      0x0800026f   Thumb Code     0  startup_stm32f429xx.o(.text)
    TIM7_IRQHandler                          0x0800026f   Thumb Code     0  startup_stm32f429xx.o(.text)
    TIM8_BRK_TIM12_IRQHandler                0x0800026f   Thumb Code     0  startup_stm32f429xx.o(.text)
    TIM8_CC_IRQHandler                       0x0800026f   Thumb Code     0  startup_stm32f429xx.o(.text)
    TIM8_TRG_COM_TIM14_IRQHandler            0x0800026f   Thumb Code     0  startup_stm32f429xx.o(.text)
    TIM8_UP_TIM13_IRQHandler                 0x0800026f   Thumb Code     0  startup_stm32f429xx.o(.text)
    UART4_IRQHandler                         0x0800026f   Thumb Code     0  startup_stm32f429xx.o(.text)
    UART5_IRQHandler                         0x0800026f   Thumb Code     0  startup_stm32f429xx.o(.text)
    UART7_IRQHandler                         0x0800026f   Thumb Code     0  startup_stm32f429xx.o(.text)
    UART8_IRQHandler                         0x0800026f   Thumb Code     0  startup_stm32f429xx.o(.text)
    USART1_IRQHandler                        0x0800026f   Thumb Code     0  startup_stm32f429xx.o(.text)
    USART6_IRQHandler                        0x0800026f   Thumb Code     0  startup_stm32f429xx.o(.text)
    WWDG_IRQHandler                          0x0800026f   Thumb Code     0  startup_stm32f429xx.o(.text)
    __user_initial_stackheap                 0x08000271   Thumb Code     0  startup_stm32f429xx.o(.text)
    __aeabi_uldivmod                         0x08000295   Thumb Code     0  lludivv7m.o(.text)
    _ll_udiv                                 0x08000295   Thumb Code   238  lludivv7m.o(.text)
    __2sprintf                               0x08000385   Thumb Code    34  noretval__2sprintf.o(.text)
    _printf_pre_padding                      0x080003ad   Thumb Code    44  _printf_pad.o(.text)
    _printf_post_padding                     0x080003d9   Thumb Code    34  _printf_pad.o(.text)
    _printf_int_dec                          0x080003fd   Thumb Code   104  _printf_dec.o(.text)
    __printf                                 0x08000475   Thumb Code   308  __printf_flags_wp.o(.text)
    __aeabi_memclr4                          0x080005ad   Thumb Code     0  rt_memclr_w.o(.text)
    __aeabi_memclr8                          0x080005ad   Thumb Code     0  rt_memclr_w.o(.text)
    __rt_memclr_w                            0x080005ad   Thumb Code    78  rt_memclr_w.o(.text)
    _memset_w                                0x080005b1   Thumb Code     0  rt_memclr_w.o(.text)
    __use_two_region_memory                  0x080005fb   Thumb Code     2  heapauxi.o(.text)
    __rt_heap_escrow$2region                 0x080005fd   Thumb Code     2  heapauxi.o(.text)
    __rt_heap_expand$2region                 0x080005ff   Thumb Code     2  heapauxi.o(.text)
    _printf_int_common                       0x08000601   Thumb Code   178  _printf_intcommon.o(.text)
    _printf_char_common                      0x080006bf   Thumb Code    32  _printf_char_common.o(.text)
    _sputc                                   0x080006e5   Thumb Code    10  _sputc.o(.text)
    __user_setup_stackheap                   0x080006ef   Thumb Code    74  sys_stackheap_outer.o(.text)
    exit                                     0x08000739   Thumb Code    18  exit.o(.text)
    __user_libspace                          0x0800074d   Thumb Code     8  libspace.o(.text)
    __user_perproc_libspace                  0x0800074d   Thumb Code     0  libspace.o(.text)
    __user_perthread_libspace                0x0800074d   Thumb Code     0  libspace.o(.text)
    _sys_exit                                0x08000755   Thumb Code     8  sys_exit.o(.text)
    __I$use$semihosting                      0x08000761   Thumb Code     0  use_no_semi.o(.text)
    __use_no_semihosting_swi                 0x08000761   Thumb Code     2  use_no_semi.o(.text)
    __semihosting_library_function           0x08000763   Thumb Code     0  indicate_semi.o(.text)
    BusFault_Handler                         0x080008c5   Thumb Code     4  stm32f4xx_it.o(i.BusFault_Handler)
    DWT_Delay_Init                           0x080008c9   Thumb Code    68  main.o(i.DWT_Delay_Init)
    DWT_Delay_us                             0x08000915   Thumb Code    38  main.o(i.DWT_Delay_us)
    DebugMon_Handler                         0x08000945   Thumb Code     2  stm32f4xx_it.o(i.DebugMon_Handler)
    DispString                               0x08000947   Thumb Code    22  main.o(i.DispString)
    EXTI15_10_IRQHandler                     0x0800095d   Thumb Code    36  stm32f4xx_it.o(i.EXTI15_10_IRQHandler)
    EnablePulse                              0x08000981   Thumb Code    40  main.o(i.EnablePulse)
    Error_Handler                            0x080009ad   Thumb Code     6  main.o(i.Error_Handler)
    HAL_ADC_ConfigChannel                    0x080009b5   Thumb Code   400  stm32f4xx_hal_adc.o(i.HAL_ADC_ConfigChannel)
    HAL_ADC_Init                             0x08000b59   Thumb Code   100  stm32f4xx_hal_adc.o(i.HAL_ADC_Init)
    HAL_ADC_MspInit                          0x08000bc1   Thumb Code   162  stm32f4xx_hal_msp.o(i.HAL_ADC_MspInit)
    HAL_DMA_Abort                            0x08000c75   Thumb Code   172  stm32f4xx_hal_dma.o(i.HAL_DMA_Abort)
    HAL_DMA_Abort_IT                         0x08000d21   Thumb Code    40  stm32f4xx_hal_dma.o(i.HAL_DMA_Abort_IT)
    HAL_Delay                                0x08000d49   Thumb Code    36  stm32f4xx_hal.o(i.HAL_Delay)
    HAL_GPIO_EXTI_Callback                   0x08000d71   Thumb Code    20  main.o(i.HAL_GPIO_EXTI_Callback)
    HAL_GPIO_EXTI_IRQHandler                 0x08000d89   Thumb Code    24  stm32f4xx_hal_gpio.o(i.HAL_GPIO_EXTI_IRQHandler)
    HAL_GPIO_Init                            0x08000da5   Thumb Code   472  stm32f4xx_hal_gpio.o(i.HAL_GPIO_Init)
    HAL_GPIO_TogglePin                       0x08000fb1   Thumb Code    20  stm32f4xx_hal_gpio.o(i.HAL_GPIO_TogglePin)
    HAL_GPIO_WritePin                        0x08000fc5   Thumb Code    12  stm32f4xx_hal_gpio.o(i.HAL_GPIO_WritePin)
    HAL_GetTick                              0x08000fd1   Thumb Code     6  stm32f4xx_hal.o(i.HAL_GetTick)
    HAL_I2CEx_ConfigAnalogFilter             0x08000fdd   Thumb Code    76  stm32f4xx_hal_i2c_ex.o(i.HAL_I2CEx_ConfigAnalogFilter)
    HAL_I2CEx_ConfigDigitalFilter            0x08001029   Thumb Code    80  stm32f4xx_hal_i2c_ex.o(i.HAL_I2CEx_ConfigDigitalFilter)
    HAL_I2C_Init                             0x08001079   Thumb Code   446  stm32f4xx_hal_i2c.o(i.HAL_I2C_Init)
    HAL_I2C_MspInit                          0x08001249   Thumb Code   122  stm32f4xx_hal_msp.o(i.HAL_I2C_MspInit)
    HAL_IncTick                              0x080012d1   Thumb Code    16  stm32f4xx_hal.o(i.HAL_IncTick)
    HAL_Init                                 0x080012e9   Thumb Code    54  stm32f4xx_hal.o(i.HAL_Init)
    HAL_InitTick                             0x08001325   Thumb Code    64  stm32f4xx_hal.o(i.HAL_InitTick)
    HAL_MspInit                              0x08001371   Thumb Code    68  stm32f4xx_hal_msp.o(i.HAL_MspInit)
    HAL_NVIC_EnableIRQ                       0x080013b9   Thumb Code    40  stm32f4xx_hal_cortex.o(i.HAL_NVIC_EnableIRQ)
    HAL_NVIC_SetPriority                     0x080013e1   Thumb Code   124  stm32f4xx_hal_cortex.o(i.HAL_NVIC_SetPriority)
    HAL_NVIC_SetPriorityGrouping             0x0800145d   Thumb Code    32  stm32f4xx_hal_cortex.o(i.HAL_NVIC_SetPriorityGrouping)
    HAL_PWREx_EnableOverDrive                0x08001485   Thumb Code   128  stm32f4xx_hal_pwr_ex.o(i.HAL_PWREx_EnableOverDrive)
    HAL_RCC_ClockConfig                      0x08001511   Thumb Code   368  stm32f4xx_hal_rcc.o(i.HAL_RCC_ClockConfig)
    HAL_RCC_GetHCLKFreq                      0x08001695   Thumb Code     6  stm32f4xx_hal_rcc.o(i.HAL_RCC_GetHCLKFreq)
    HAL_RCC_GetPCLK1Freq                     0x080016a1   Thumb Code    22  stm32f4xx_hal_rcc.o(i.HAL_RCC_GetPCLK1Freq)
    HAL_RCC_GetPCLK2Freq                     0x080016c1   Thumb Code    22  stm32f4xx_hal_rcc.o(i.HAL_RCC_GetPCLK2Freq)
    HAL_RCC_GetSysClockFreq                  0x080016e1   Thumb Code   162  stm32f4xx_hal_rcc.o(i.HAL_RCC_GetSysClockFreq)
    HAL_RCC_OscConfig                        0x08001791   Thumb Code  1172  stm32f4xx_hal_rcc.o(i.HAL_RCC_OscConfig)
    HAL_SYSTICK_Config                       0x08001c2d   Thumb Code    52  stm32f4xx_hal_cortex.o(i.HAL_SYSTICK_Config)
    HAL_TIMEx_MasterConfigSynchronization    0x08001c61   Thumb Code   150  stm32f4xx_hal_tim_ex.o(i.HAL_TIMEx_MasterConfigSynchronization)
    HAL_TIM_MspPostInit                      0x08001d15   Thumb Code   154  stm32f4xx_hal_msp.o(i.HAL_TIM_MspPostInit)
    HAL_TIM_OC_ConfigChannel                 0x08001dc5   Thumb Code   112  stm32f4xx_hal_tim.o(i.HAL_TIM_OC_ConfigChannel)
    HAL_TIM_OC_Init                          0x08001e35   Thumb Code   102  stm32f4xx_hal_tim.o(i.HAL_TIM_OC_Init)
    HAL_TIM_OC_MspInit                       0x08001e9d   Thumb Code    44  stm32f4xx_hal_msp.o(i.HAL_TIM_OC_MspInit)
    HAL_TIM_PWM_ConfigChannel                0x08001ed1   Thumb Code   260  stm32f4xx_hal_tim.o(i.HAL_TIM_PWM_ConfigChannel)
    HAL_TIM_PWM_Init                         0x08001fd5   Thumb Code   102  stm32f4xx_hal_tim.o(i.HAL_TIM_PWM_Init)
    HAL_TIM_PWM_MspInit                      0x0800203d   Thumb Code    44  stm32f4xx_hal_msp.o(i.HAL_TIM_PWM_MspInit)
    HAL_UARTEx_RxEventCallback               0x08002071   Thumb Code     2  stm32f4xx_hal_uart.o(i.HAL_UARTEx_RxEventCallback)
    HAL_UART_ErrorCallback                   0x08002073   Thumb Code     2  stm32f4xx_hal_uart.o(i.HAL_UART_ErrorCallback)
    HAL_UART_IRQHandler                      0x08002075   Thumb Code   732  stm32f4xx_hal_uart.o(i.HAL_UART_IRQHandler)
    HAL_UART_Init                            0x08002355   Thumb Code   114  stm32f4xx_hal_uart.o(i.HAL_UART_Init)
    HAL_UART_MspInit                         0x080023c9   Thumb Code   378  stm32f4xx_hal_msp.o(i.HAL_UART_MspInit)
    HAL_UART_RxCpltCallback                  0x0800255d   Thumb Code     2  stm32f4xx_hal_uart.o(i.HAL_UART_RxCpltCallback)
    HAL_UART_TxCpltCallback                  0x0800255f   Thumb Code     2  stm32f4xx_hal_uart.o(i.HAL_UART_TxCpltCallback)
    HardFault_Handler                        0x08002561   Thumb Code     4  stm32f4xx_it.o(i.HardFault_Handler)
    Locate                                   0x08002565   Thumb Code    30  main.o(i.Locate)
    MemManage_Handler                        0x08002aa1   Thumb Code     4  stm32f4xx_it.o(i.MemManage_Handler)
    NMI_Handler                              0x08002aa5   Thumb Code     4  stm32f4xx_it.o(i.NMI_Handler)
    PendSV_Handler                           0x08002aa9   Thumb Code     2  stm32f4xx_it.o(i.PendSV_Handler)
    SVC_Handler                              0x08002aab   Thumb Code     2  stm32f4xx_it.o(i.SVC_Handler)
    SysTick_Handler                          0x08002aad   Thumb Code     8  stm32f4xx_it.o(i.SysTick_Handler)
    SystemClock_Config                       0x08002ab5   Thumb Code   182  main.o(i.SystemClock_Config)
    SystemInit                               0x08002b75   Thumb Code    14  system_stm32f4xx.o(i.SystemInit)
    TIM_Base_SetConfig                       0x08002b89   Thumb Code   170  stm32f4xx_hal_tim.o(i.TIM_Base_SetConfig)
    TIM_OC2_SetConfig                        0x08002cd1   Thumb Code   114  stm32f4xx_hal_tim.o(i.TIM_OC2_SetConfig)
    USART2_IRQHandler                        0x0800323d   Thumb Code    10  stm32f4xx_it.o(i.USART2_IRQHandler)
    USART3_IRQHandler                        0x0800324d   Thumb Code    10  stm32f4xx_it.o(i.USART3_IRQHandler)
    UsageFault_Handler                       0x0800325d   Thumb Code     4  stm32f4xx_it.o(i.UsageFault_Handler)
    _is_digit                                0x08003299   Thumb Code    14  __printf_wp.o(i._is_digit)
    lnitLcd                                  0x080032a9   Thumb Code    50  main.o(i.lnitLcd)
    main                                     0x080032e1   Thumb Code   164  main.o(i.main)
    sendLCDcommand                           0x0800339d   Thumb Code    50  main.o(i.sendLCDcommand)
    sendLCDdata                              0x080033d5   Thumb Code    50  main.o(i.sendLCDdata)
    _fp_init                                 0x0800340d   Thumb Code    10  fpinit.o(x$fpl$fpinit)
    __fplib_config_fpu_vfp                   0x08003415   Thumb Code     0  fpinit.o(x$fpl$fpinit)
    __fplib_config_pureend_doubles           0x08003415   Thumb Code     0  fpinit.o(x$fpl$fpinit)
    AHBPrescTable                            0x08003416   Data          16  system_stm32f4xx.o(.constdata)
    APBPrescTable                            0x08003426   Data           8  system_stm32f4xx.o(.constdata)
    Region$$Table$$Base                      0x08003440   Number         0  anon$$obj.o(Region$$Table)
    Region$$Table$$Limit                     0x08003460   Number         0  anon$$obj.o(Region$$Table)
    uwTick                                   0x20000000   Data           4  stm32f4xx_hal.o(.data)
    uwTickPrio                               0x20000004   Data           4  stm32f4xx_hal.o(.data)
    uwTickFreq                               0x20000008   Data           1  stm32f4xx_hal.o(.data)
    SystemCoreClock                          0x2000000c   Data           4  system_stm32f4xx.o(.data)
    hadc1                                    0x20000010   Data          72  main.o(.bss)
    hi2c1                                    0x20000058   Data          84  main.o(.bss)
    htim4                                    0x200000ac   Data          72  main.o(.bss)
    htim5                                    0x200000f4   Data          72  main.o(.bss)
    huart1                                   0x2000013c   Data          68  main.o(.bss)
    huart2                                   0x20000180   Data          68  main.o(.bss)
    huart3                                   0x200001c4   Data          68  main.o(.bss)
    __libspace_start                         0x20000208   Data          96  libspace.o(.bss)
    __temporary_stack_top$libspace           0x20000268   Data           0  libspace.o(.bss)



==============================================================================

Memory Map of the image

  Image Entry point : 0x080001ad

  Load Region LR_IROM1 (Base: 0x08000000, Size: 0x00003470, Max: 0x00200000, ABSOLUTE)

    Execution Region ER_IROM1 (Exec base: 0x08000000, Load base: 0x08000000, Size: 0x00003460, Max: 0x00200000, ABSOLUTE)

    Exec Addr    Load Addr    Size         Type   Attr      Idx    E Section Name        Object

    0x08000000   0x08000000   0x000001ac   Data   RO         3332    RESET               startup_stm32f429xx.o
    0x080001ac   0x080001ac   0x00000008   Code   RO         3707  * !!!main             c_w.l(__main.o)
    0x080001b4   0x080001b4   0x00000034   Code   RO         3883    !!!scatter          c_w.l(__scatter.o)
    0x080001e8   0x080001e8   0x0000001a   Code   RO         3885    !!handler_copy      c_w.l(__scatter_copy.o)
    0x08000202   0x08000202   0x00000002   PAD
    0x08000204   0x08000204   0x0000001c   Code   RO         3887    !!handler_zi        c_w.l(__scatter_zi.o)
    0x08000220   0x08000220   0x00000000   Code   RO         3702    .ARM.Collect$$_printf_percent$$00000000  c_w.l(_printf_percent.o)
    0x08000220   0x08000220   0x00000006   Code   RO         3701    .ARM.Collect$$_printf_percent$$00000009  c_w.l(_printf_d.o)
    0x08000226   0x08000226   0x00000004   Code   RO         3720    .ARM.Collect$$_printf_percent$$00000017  c_w.l(_printf_percent_end.o)
    0x0800022a   0x0800022a   0x00000002   Code   RO         3753    .ARM.Collect$$libinit$$00000000  c_w.l(libinit.o)
    0x0800022c   0x0800022c   0x00000004   Code   RO         3765    .ARM.Collect$$libinit$$00000001  c_w.l(libinit2.o)
    0x08000230   0x08000230   0x00000000   Code   RO         3768    .ARM.Collect$$libinit$$00000004  c_w.l(libinit2.o)
    0x08000230   0x08000230   0x00000000   Code   RO         3771    .ARM.Collect$$libinit$$0000000A  c_w.l(libinit2.o)
    0x08000230   0x08000230   0x00000000   Code   RO         3773    .ARM.Collect$$libinit$$0000000C  c_w.l(libinit2.o)
    0x08000230   0x08000230   0x00000000   Code   RO         3775    .ARM.Collect$$libinit$$0000000E  c_w.l(libinit2.o)
    0x08000230   0x08000230   0x00000000   Code   RO         3778    .ARM.Collect$$libinit$$00000011  c_w.l(libinit2.o)
    0x08000230   0x08000230   0x00000000   Code   RO         3780    .ARM.Collect$$libinit$$00000013  c_w.l(libinit2.o)
    0x08000230   0x08000230   0x00000000   Code   RO         3782    .ARM.Collect$$libinit$$00000015  c_w.l(libinit2.o)
    0x08000230   0x08000230   0x00000000   Code   RO         3784    .ARM.Collect$$libinit$$00000017  c_w.l(libinit2.o)
    0x08000230   0x08000230   0x00000000   Code   RO         3786    .ARM.Collect$$libinit$$00000019  c_w.l(libinit2.o)
    0x08000230   0x08000230   0x00000000   Code   RO         3788    .ARM.Collect$$libinit$$0000001B  c_w.l(libinit2.o)
    0x08000230   0x08000230   0x00000000   Code   RO         3790    .ARM.Collect$$libinit$$0000001D  c_w.l(libinit2.o)
    0x08000230   0x08000230   0x00000000   Code   RO         3792    .ARM.Collect$$libinit$$0000001F  c_w.l(libinit2.o)
    0x08000230   0x08000230   0x00000000   Code   RO         3794    .ARM.Collect$$libinit$$00000021  c_w.l(libinit2.o)
    0x08000230   0x08000230   0x00000000   Code   RO         3796    .ARM.Collect$$libinit$$00000023  c_w.l(libinit2.o)
    0x08000230   0x08000230   0x00000000   Code   RO         3798    .ARM.Collect$$libinit$$00000025  c_w.l(libinit2.o)
    0x08000230   0x08000230   0x00000000   Code   RO         3802    .ARM.Collect$$libinit$$0000002C  c_w.l(libinit2.o)
    0x08000230   0x08000230   0x00000000   Code   RO         3804    .ARM.Collect$$libinit$$0000002E  c_w.l(libinit2.o)
    0x08000230   0x08000230   0x00000000   Code   RO         3806    .ARM.Collect$$libinit$$00000030  c_w.l(libinit2.o)
    0x08000230   0x08000230   0x00000000   Code   RO         3808    .ARM.Collect$$libinit$$00000032  c_w.l(libinit2.o)
    0x08000230   0x08000230   0x00000002   Code   RO         3809    .ARM.Collect$$libinit$$00000033  c_w.l(libinit2.o)
    0x08000232   0x08000232   0x00000002   Code   RO         3840    .ARM.Collect$$libshutdown$$00000000  c_w.l(libshutdown.o)
    0x08000234   0x08000234   0x00000000   Code   RO         3866    .ARM.Collect$$libshutdown$$00000002  c_w.l(libshutdown2.o)
    0x08000234   0x08000234   0x00000000   Code   RO         3868    .ARM.Collect$$libshutdown$$00000004  c_w.l(libshutdown2.o)
    0x08000234   0x08000234   0x00000000   Code   RO         3871    .ARM.Collect$$libshutdown$$00000007  c_w.l(libshutdown2.o)
    0x08000234   0x08000234   0x00000000   Code   RO         3874    .ARM.Collect$$libshutdown$$0000000A  c_w.l(libshutdown2.o)
    0x08000234   0x08000234   0x00000000   Code   RO         3876    .ARM.Collect$$libshutdown$$0000000C  c_w.l(libshutdown2.o)
    0x08000234   0x08000234   0x00000000   Code   RO         3879    .ARM.Collect$$libshutdown$$0000000F  c_w.l(libshutdown2.o)
    0x08000234   0x08000234   0x00000002   Code   RO         3880    .ARM.Collect$$libshutdown$$00000010  c_w.l(libshutdown2.o)
    0x08000236   0x08000236   0x00000000   Code   RO         3709    .ARM.Collect$$rtentry$$00000000  c_w.l(__rtentry.o)
    0x08000236   0x08000236   0x00000000   Code   RO         3722    .ARM.Collect$$rtentry$$00000002  c_w.l(__rtentry2.o)
    0x08000236   0x08000236   0x00000006   Code   RO         3734    .ARM.Collect$$rtentry$$00000004  c_w.l(__rtentry4.o)
    0x0800023c   0x0800023c   0x00000000   Code   RO         3724    .ARM.Collect$$rtentry$$00000009  c_w.l(__rtentry2.o)
    0x0800023c   0x0800023c   0x00000004   Code   RO         3725    .ARM.Collect$$rtentry$$0000000A  c_w.l(__rtentry2.o)
    0x08000240   0x08000240   0x00000000   Code   RO         3727    .ARM.Collect$$rtentry$$0000000C  c_w.l(__rtentry2.o)
    0x08000240   0x08000240   0x00000008   Code   RO         3728    .ARM.Collect$$rtentry$$0000000D  c_w.l(__rtentry2.o)
    0x08000248   0x08000248   0x00000002   Code   RO         3757    .ARM.Collect$$rtexit$$00000000  c_w.l(rtexit.o)
    0x0800024a   0x0800024a   0x00000000   Code   RO         3813    .ARM.Collect$$rtexit$$00000002  c_w.l(rtexit2.o)
    0x0800024a   0x0800024a   0x00000004   Code   RO         3814    .ARM.Collect$$rtexit$$00000003  c_w.l(rtexit2.o)
    0x0800024e   0x0800024e   0x00000006   Code   RO         3815    .ARM.Collect$$rtexit$$00000004  c_w.l(rtexit2.o)
    0x08000254   0x08000254   0x00000040   Code   RO         3333    .text               startup_stm32f429xx.o
    0x08000294   0x08000294   0x000000ee   Code   RO         3669    .text               c_w.l(lludivv7m.o)
    0x08000382   0x08000382   0x00000002   PAD
    0x08000384   0x08000384   0x00000028   Code   RO         3673    .text               c_w.l(noretval__2sprintf.o)
    0x080003ac   0x080003ac   0x0000004e   Code   RO         3677    .text               c_w.l(_printf_pad.o)
    0x080003fa   0x080003fa   0x00000002   PAD
    0x080003fc   0x080003fc   0x00000078   Code   RO         3679    .text               c_w.l(_printf_dec.o)
    0x08000474   0x08000474   0x00000138   Code   RO         3693    .text               c_w.l(__printf_flags_wp.o)
    0x080005ac   0x080005ac   0x0000004e   Code   RO         3703    .text               c_w.l(rt_memclr_w.o)
    0x080005fa   0x080005fa   0x00000006   Code   RO         3705    .text               c_w.l(heapauxi.o)
    0x08000600   0x08000600   0x000000b2   Code   RO         3714    .text               c_w.l(_printf_intcommon.o)
    0x080006b2   0x080006b2   0x00000002   PAD
    0x080006b4   0x080006b4   0x00000030   Code   RO         3716    .text               c_w.l(_printf_char_common.o)
    0x080006e4   0x080006e4   0x0000000a   Code   RO         3718    .text               c_w.l(_sputc.o)
    0x080006ee   0x080006ee   0x0000004a   Code   RO         3740    .text               c_w.l(sys_stackheap_outer.o)
    0x08000738   0x08000738   0x00000012   Code   RO         3742    .text               c_w.l(exit.o)
    0x0800074a   0x0800074a   0x00000002   PAD
    0x0800074c   0x0800074c   0x00000008   Code   RO         3754    .text               c_w.l(libspace.o)
    0x08000754   0x08000754   0x0000000c   Code   RO         3810    .text               c_w.l(sys_exit.o)
    0x08000760   0x08000760   0x00000002   Code   RO         3829    .text               c_w.l(use_no_semi.o)
    0x08000762   0x08000762   0x00000000   Code   RO         3831    .text               c_w.l(indicate_semi.o)
    0x08000762   0x08000762   0x00000002   PAD
    0x08000764   0x08000764   0x00000160   Code   RO         3380    i.ADC_Init          stm32f4xx_hal_adc.o
    0x080008c4   0x080008c4   0x00000004   Code   RO          367    i.BusFault_Handler  stm32f4xx_it.o
    0x080008c8   0x080008c8   0x0000004c   Code   RO            4    i.DWT_Delay_Init    main.o
    0x08000914   0x08000914   0x00000030   Code   RO            5    i.DWT_Delay_us      main.o
    0x08000944   0x08000944   0x00000002   Code   RO          368    i.DebugMon_Handler  stm32f4xx_it.o
    0x08000946   0x08000946   0x00000016   Code   RO            6    i.DispString        main.o
    0x0800095c   0x0800095c   0x00000024   Code   RO          369    i.EXTI15_10_IRQHandler  stm32f4xx_it.o
    0x08000980   0x08000980   0x0000002c   Code   RO            7    i.EnablePulse       main.o
    0x080009ac   0x080009ac   0x00000006   Code   RO            8    i.Error_Handler     main.o
    0x080009b2   0x080009b2   0x00000002   PAD
    0x080009b4   0x080009b4   0x000001a4   Code   RO         3382    i.HAL_ADC_ConfigChannel  stm32f4xx_hal_adc.o
    0x08000b58   0x08000b58   0x00000068   Code   RO         3391    i.HAL_ADC_Init      stm32f4xx_hal_adc.o
    0x08000bc0   0x08000bc0   0x000000b4   Code   RO          275    i.HAL_ADC_MspInit   stm32f4xx_hal_msp.o
    0x08000c74   0x08000c74   0x000000ac   Code   RO          802    i.HAL_DMA_Abort     stm32f4xx_hal_dma.o
    0x08000d20   0x08000d20   0x00000028   Code   RO          803    i.HAL_DMA_Abort_IT  stm32f4xx_hal_dma.o
    0x08000d48   0x08000d48   0x00000028   Code   RO          468    i.HAL_Delay         stm32f4xx_hal.o
    0x08000d70   0x08000d70   0x00000018   Code   RO            9    i.HAL_GPIO_EXTI_Callback  main.o
    0x08000d88   0x08000d88   0x0000001c   Code   RO         1020    i.HAL_GPIO_EXTI_IRQHandler  stm32f4xx_hal_gpio.o
    0x08000da4   0x08000da4   0x0000020c   Code   RO         1021    i.HAL_GPIO_Init     stm32f4xx_hal_gpio.o
    0x08000fb0   0x08000fb0   0x00000014   Code   RO         1024    i.HAL_GPIO_TogglePin  stm32f4xx_hal_gpio.o
    0x08000fc4   0x08000fc4   0x0000000c   Code   RO         1025    i.HAL_GPIO_WritePin  stm32f4xx_hal_gpio.o
    0x08000fd0   0x08000fd0   0x0000000c   Code   RO          476    i.HAL_GetTick       stm32f4xx_hal.o
    0x08000fdc   0x08000fdc   0x0000004c   Code   RO         1556    i.HAL_I2CEx_ConfigAnalogFilter  stm32f4xx_hal_i2c_ex.o
    0x08001028   0x08001028   0x00000050   Code   RO         1557    i.HAL_I2CEx_ConfigDigitalFilter  stm32f4xx_hal_i2c_ex.o
    0x08001078   0x08001078   0x000001d0   Code   RO         1095    i.HAL_I2C_Init      stm32f4xx_hal_i2c.o
    0x08001248   0x08001248   0x00000088   Code   RO          277    i.HAL_I2C_MspInit   stm32f4xx_hal_msp.o
    0x080012d0   0x080012d0   0x00000018   Code   RO          482    i.HAL_IncTick       stm32f4xx_hal.o
    0x080012e8   0x080012e8   0x0000003c   Code   RO          483    i.HAL_Init          stm32f4xx_hal.o
    0x08001324   0x08001324   0x0000004c   Code   RO          484    i.HAL_InitTick      stm32f4xx_hal.o
    0x08001370   0x08001370   0x00000048   Code   RO          278    i.HAL_MspInit       stm32f4xx_hal_msp.o
    0x080013b8   0x080013b8   0x00000028   Code   RO          664    i.HAL_NVIC_EnableIRQ  stm32f4xx_hal_cortex.o
    0x080013e0   0x080013e0   0x0000007c   Code   RO          670    i.HAL_NVIC_SetPriority  stm32f4xx_hal_cortex.o
    0x0800145c   0x0800145c   0x00000028   Code   RO          671    i.HAL_NVIC_SetPriorityGrouping  stm32f4xx_hal_cortex.o
    0x08001484   0x08001484   0x0000008c   Code   RO         1712    i.HAL_PWREx_EnableOverDrive  stm32f4xx_hal_pwr_ex.o
    0x08001510   0x08001510   0x00000184   Code   RO         1779    i.HAL_RCC_ClockConfig  stm32f4xx_hal_rcc.o
    0x08001694   0x08001694   0x0000000c   Code   RO         1784    i.HAL_RCC_GetHCLKFreq  stm32f4xx_hal_rcc.o
    0x080016a0   0x080016a0   0x00000020   Code   RO         1786    i.HAL_RCC_GetPCLK1Freq  stm32f4xx_hal_rcc.o
    0x080016c0   0x080016c0   0x00000020   Code   RO         1787    i.HAL_RCC_GetPCLK2Freq  stm32f4xx_hal_rcc.o
    0x080016e0   0x080016e0   0x000000b0   Code   RO         1788    i.HAL_RCC_GetSysClockFreq  stm32f4xx_hal_rcc.o
    0x08001790   0x08001790   0x0000049c   Code   RO         1791    i.HAL_RCC_OscConfig  stm32f4xx_hal_rcc.o
    0x08001c2c   0x08001c2c   0x00000034   Code   RO          675    i.HAL_SYSTICK_Config  stm32f4xx_hal_cortex.o
    0x08001c60   0x08001c60   0x000000b4   Code   RO         2700    i.HAL_TIMEx_MasterConfigSynchronization  stm32f4xx_hal_tim_ex.o
    0x08001d14   0x08001d14   0x000000b0   Code   RO          279    i.HAL_TIM_MspPostInit  stm32f4xx_hal_msp.o
    0x08001dc4   0x08001dc4   0x00000070   Code   RO         2015    i.HAL_TIM_OC_ConfigChannel  stm32f4xx_hal_tim.o
    0x08001e34   0x08001e34   0x00000066   Code   RO         2019    i.HAL_TIM_OC_Init   stm32f4xx_hal_tim.o
    0x08001e9a   0x08001e9a   0x00000002   PAD
    0x08001e9c   0x08001e9c   0x00000034   Code   RO          281    i.HAL_TIM_OC_MspInit  stm32f4xx_hal_msp.o
    0x08001ed0   0x08001ed0   0x00000104   Code   RO         2038    i.HAL_TIM_PWM_ConfigChannel  stm32f4xx_hal_tim.o
    0x08001fd4   0x08001fd4   0x00000066   Code   RO         2041    i.HAL_TIM_PWM_Init  stm32f4xx_hal_tim.o
    0x0800203a   0x0800203a   0x00000002   PAD
    0x0800203c   0x0800203c   0x00000034   Code   RO          283    i.HAL_TIM_PWM_MspInit  stm32f4xx_hal_msp.o
    0x08002070   0x08002070   0x00000002   Code   RO         2959    i.HAL_UARTEx_RxEventCallback  stm32f4xx_hal_uart.o
    0x08002072   0x08002072   0x00000002   Code   RO         2973    i.HAL_UART_ErrorCallback  stm32f4xx_hal_uart.o
    0x08002074   0x08002074   0x000002e0   Code   RO         2976    i.HAL_UART_IRQHandler  stm32f4xx_hal_uart.o
    0x08002354   0x08002354   0x00000072   Code   RO         2977    i.HAL_UART_Init     stm32f4xx_hal_uart.o
    0x080023c6   0x080023c6   0x00000002   PAD
    0x080023c8   0x080023c8   0x00000194   Code   RO          285    i.HAL_UART_MspInit  stm32f4xx_hal_msp.o
    0x0800255c   0x0800255c   0x00000002   Code   RO         2983    i.HAL_UART_RxCpltCallback  stm32f4xx_hal_uart.o
    0x0800255e   0x0800255e   0x00000002   Code   RO         2988    i.HAL_UART_TxCpltCallback  stm32f4xx_hal_uart.o
    0x08002560   0x08002560   0x00000004   Code   RO          370    i.HardFault_Handler  stm32f4xx_it.o
    0x08002564   0x08002564   0x0000001e   Code   RO           11    i.Locate            main.o
    0x08002582   0x08002582   0x00000002   PAD
    0x08002584   0x08002584   0x00000070   Code   RO           12    i.MX_ADC1_Init      main.o
    0x080025f4   0x080025f4   0x0000026c   Code   RO           13    i.MX_GPIO_Init      main.o
    0x08002860   0x08002860   0x00000058   Code   RO           14    i.MX_I2C1_Init      main.o
    0x080028b8   0x080028b8   0x000000a8   Code   RO           15    i.MX_TIM4_Init      main.o
    0x08002960   0x08002960   0x00000098   Code   RO           16    i.MX_TIM5_Init      main.o
    0x080029f8   0x080029f8   0x00000038   Code   RO           17    i.MX_USART1_UART_Init  main.o
    0x08002a30   0x08002a30   0x00000038   Code   RO           18    i.MX_USART2_UART_Init  main.o
    0x08002a68   0x08002a68   0x00000038   Code   RO           19    i.MX_USART3_UART_Init  main.o
    0x08002aa0   0x08002aa0   0x00000004   Code   RO          371    i.MemManage_Handler  stm32f4xx_it.o
    0x08002aa4   0x08002aa4   0x00000004   Code   RO          372    i.NMI_Handler       stm32f4xx_it.o
    0x08002aa8   0x08002aa8   0x00000002   Code   RO          373    i.PendSV_Handler    stm32f4xx_it.o
    0x08002aaa   0x08002aaa   0x00000002   Code   RO          374    i.SVC_Handler       stm32f4xx_it.o
    0x08002aac   0x08002aac   0x00000008   Code   RO          375    i.SysTick_Handler   stm32f4xx_it.o
    0x08002ab4   0x08002ab4   0x000000c0   Code   RO           20    i.SystemClock_Config  main.o
    0x08002b74   0x08002b74   0x00000014   Code   RO         3341    i.SystemInit        system_stm32f4xx.o
    0x08002b88   0x08002b88   0x000000d8   Code   RO         2059    i.TIM_Base_SetConfig  stm32f4xx_hal_tim.o
    0x08002c60   0x08002c60   0x00000070   Code   RO         2072    i.TIM_OC1_SetConfig  stm32f4xx_hal_tim.o
    0x08002cd0   0x08002cd0   0x0000007c   Code   RO         2073    i.TIM_OC2_SetConfig  stm32f4xx_hal_tim.o
    0x08002d4c   0x08002d4c   0x00000078   Code   RO         2074    i.TIM_OC3_SetConfig  stm32f4xx_hal_tim.o
    0x08002dc4   0x08002dc4   0x00000054   Code   RO         2075    i.TIM_OC4_SetConfig  stm32f4xx_hal_tim.o
    0x08002e18   0x08002e18   0x00000014   Code   RO         2990    i.UART_DMAAbortOnError  stm32f4xx_hal_uart.o
    0x08002e2c   0x08002e2c   0x0000006c   Code   RO         3000    i.UART_EndRxTransfer  stm32f4xx_hal_uart.o
    0x08002e98   0x08002e98   0x00000020   Code   RO         3001    i.UART_EndTransmit_IT  stm32f4xx_hal_uart.o
    0x08002eb8   0x08002eb8   0x000000f8   Code   RO         3003    i.UART_Receive_IT   stm32f4xx_hal_uart.o
    0x08002fb0   0x08002fb0   0x0000022c   Code   RO         3004    i.UART_SetConfig    stm32f4xx_hal_uart.o
    0x080031dc   0x080031dc   0x00000060   Code   RO         3007    i.UART_Transmit_IT  stm32f4xx_hal_uart.o
    0x0800323c   0x0800323c   0x00000010   Code   RO          376    i.USART2_IRQHandler  stm32f4xx_it.o
    0x0800324c   0x0800324c   0x00000010   Code   RO          377    i.USART3_IRQHandler  stm32f4xx_it.o
    0x0800325c   0x0800325c   0x00000004   Code   RO          378    i.UsageFault_Handler  stm32f4xx_it.o
    0x08003260   0x08003260   0x00000010   Code   RO          677    i.__NVIC_GetPriorityGrouping  stm32f4xx_hal_cortex.o
    0x08003270   0x08003270   0x00000028   Code   RO          678    i.__NVIC_SetPriority  stm32f4xx_hal_cortex.o
    0x08003298   0x08003298   0x0000000e   Code   RO         3691    i._is_digit         c_w.l(__printf_wp.o)
    0x080032a6   0x080032a6   0x00000002   PAD
    0x080032a8   0x080032a8   0x00000038   Code   RO           22    i.lnitLcd           main.o
    0x080032e0   0x080032e0   0x000000bc   Code   RO           23    i.main              main.o
    0x0800339c   0x0800339c   0x00000038   Code   RO           24    i.sendLCDcommand    main.o
    0x080033d4   0x080033d4   0x00000038   Code   RO           25    i.sendLCDdata       main.o
    0x0800340c   0x0800340c   0x0000000a   Code   RO         3825    x$fpl$fpinit        fz_wm.l(fpinit.o)
    0x08003416   0x08003416   0x00000018   Data   RO         3342    .constdata          system_stm32f4xx.o
    0x0800342e   0x0800342e   0x00000011   Data   RO         3694    .constdata          c_w.l(__printf_flags_wp.o)
    0x0800343f   0x0800343f   0x00000001   PAD
    0x08003440   0x08003440   0x00000020   Data   RO         3881    Region$$Table       anon$$obj.o


    Execution Region RW_IRAM1 (Exec base: 0x20000000, Load base: 0x08003460, Size: 0x00000868, Max: 0x00030000, ABSOLUTE)

    Exec Addr    Load Addr    Size         Type   Attr      Idx    E Section Name        Object

    0x20000000   0x08003460   0x00000009   Data   RW          490    .data               stm32f4xx_hal.o
    0x20000009   0x08003469   0x00000003   PAD
    0x2000000c   0x0800346c   0x00000004   Data   RW         3343    .data               system_stm32f4xx.o
    0x20000010        -       0x000001f8   Zero   RW           26    .bss                main.o
    0x20000208        -       0x00000060   Zero   RW         3755    .bss                c_w.l(libspace.o)
    0x20000268        -       0x00000200   Zero   RW         3331    HEAP                startup_stm32f429xx.o
    0x20000468        -       0x00000400   Zero   RW         3330    STACK               startup_stm32f429xx.o


==============================================================================

Image component sizes


      Code (inc. data)   RO Data    RW Data    ZI Data      Debug   Object Name

      2106        176          0          0        504     788141   main.o
        64         26        428          0       1536        860   startup_stm32f429xx.o
       212         36          0          9          0      10317   stm32f4xx_hal.o
       876         32          0          0          0       3287   stm32f4xx_hal_adc.o
       312         22          0          0          0      35015   stm32f4xx_hal_cortex.o
       212          0          0          0          0       2411   stm32f4xx_hal_dma.o
       584         56          0          0          0       4020   stm32f4xx_hal_gpio.o
       464         18          0          0          0       2447   stm32f4xx_hal_i2c.o
       156          0          0          0          0       2367   stm32f4xx_hal_i2c_ex.o
      1072        100          0          0          0       5406   stm32f4xx_hal_msp.o
       140         12          0          0          0       1656   stm32f4xx_hal_pwr_ex.o
      1820         84          0          0          0       6388   stm32f4xx_hal_rcc.o
      1232         82          0          0          0       8393   stm32f4xx_hal_tim.o
       180         30          0          0          0       1712   stm32f4xx_hal_tim_ex.o
      1918         14          0          0          0      10752   stm32f4xx_hal_uart.o
       102         12          0          0          0       5601   stm32f4xx_it.o
        20          6         24          4          0       1407   system_stm32f4xx.o

    ----------------------------------------------------------------------
     11480        706        484         16       2040     890180   Object Totals
         0          0         32          0          0          0   (incl. Generated)
        10          0          0          3          0          0   (incl. Padding)

    ----------------------------------------------------------------------

      Code (inc. data)   RO Data    RW Data    ZI Data      Debug   Library Member Name

         8          0          0          0          0         68   __main.o
       312          4         17          0          0         92   __printf_flags_wp.o
        14          0          0          0          0         68   __printf_wp.o
         0          0          0          0          0          0   __rtentry.o
        12          0          0          0          0          0   __rtentry2.o
         6          0          0          0          0          0   __rtentry4.o
        52          8          0          0          0          0   __scatter.o
        26          0          0          0          0          0   __scatter_copy.o
        28          0          0          0          0          0   __scatter_zi.o
        48          6          0          0          0         96   _printf_char_common.o
         6          0          0          0          0          0   _printf_d.o
       120         16          0          0          0         92   _printf_dec.o
       178          0          0          0          0         88   _printf_intcommon.o
        78          0          0          0          0        108   _printf_pad.o
         0          0          0          0          0          0   _printf_percent.o
         4          0          0          0          0          0   _printf_percent_end.o
        10          0          0          0          0         68   _sputc.o
        18          0          0          0          0         80   exit.o
         6          0          0          0          0        152   heapauxi.o
         0          0          0          0          0          0   indicate_semi.o
         2          0          0          0          0          0   libinit.o
         6          0          0          0          0          0   libinit2.o
         2          0          0          0          0          0   libshutdown.o
         2          0          0          0          0          0   libshutdown2.o
         8          4          0          0         96         68   libspace.o
       238          0          0          0          0        100   lludivv7m.o
        40          6          0          0          0         84   noretval__2sprintf.o
        78          0          0          0          0         80   rt_memclr_w.o
         2          0          0          0          0          0   rtexit.o
        10          0          0          0          0          0   rtexit2.o
        12          4          0          0          0         68   sys_exit.o
        74          0          0          0          0         80   sys_stackheap_outer.o
         2          0          0          0          0         68   use_no_semi.o
        10          0          0          0          0        116   fpinit.o

    ----------------------------------------------------------------------
      1426         48         18          0         96       1576   Library Totals
        14          0          1          0          0          0   (incl. Padding)

    ----------------------------------------------------------------------

      Code (inc. data)   RO Data    RW Data    ZI Data      Debug   Library Name

      1402         48         17          0         96       1460   c_w.l
        10          0          0          0          0        116   fz_wm.l

    ----------------------------------------------------------------------
      1426         48         18          0         96       1576   Library Totals

    ----------------------------------------------------------------------

==============================================================================


      Code (inc. data)   RO Data    RW Data    ZI Data      Debug   

     12906        754        502         16       2136     882580   Grand Totals
     12906        754        502         16       2136     882580   ELF Image Totals
     12906        754        502         16          0          0   ROM Totals

==============================================================================

    Total RO  Size (Code + RO Data)                13408 (  13.09kB)
    Total RW  Size (RW Data + ZI Data)              2152 (   2.10kB)
    Total ROM Size (Code + RO Data + RW Data)      13424 (  13.11kB)

==============================================================================

